Archive member included to satisfy reference by file (symbol)

/Applications/STM32CubeIDE.app/Contents/Eclipse/plugins/com.st.stm32cube.ide.mcu.externaltools.gnu-tools-for-stm32.13.3.rel1.macos64_1.0.0.202411102158/tools/bin/../lib/gcc/arm-none-eabi/13.3.1/../../../../arm-none-eabi/lib/thumb/v7e-m+fp/hard/libc_nano.a(libc_a-exit.o)
                              /Applications/STM32CubeIDE.app/Contents/Eclipse/plugins/com.st.stm32cube.ide.mcu.externaltools.gnu-tools-for-stm32.13.3.rel1.macos64_1.0.0.202411102158/tools/bin/../lib/gcc/arm-none-eabi/13.3.1/../../../../arm-none-eabi/lib/thumb/v7e-m+fp/hard/crt0.o (exit)
/Applications/STM32CubeIDE.app/Contents/Eclipse/plugins/com.st.stm32cube.ide.mcu.externaltools.gnu-tools-for-stm32.13.3.rel1.macos64_1.0.0.202411102158/tools/bin/../lib/gcc/arm-none-eabi/13.3.1/../../../../arm-none-eabi/lib/thumb/v7e-m+fp/hard/libc_nano.a(libc_a-malloc.o)
                              ./Middlewares/ST/STM32_USB_Host_Library/Class/CDC/Src/usbh_cdc.o (malloc)
/Applications/STM32CubeIDE.app/Contents/Eclipse/plugins/com.st.stm32cube.ide.mcu.externaltools.gnu-tools-for-stm32.13.3.rel1.macos64_1.0.0.202411102158/tools/bin/../lib/gcc/arm-none-eabi/13.3.1/../../../../arm-none-eabi/lib/thumb/v7e-m+fp/hard/libc_nano.a(libc_a-mallocr.o)
                              /Applications/STM32CubeIDE.app/Contents/Eclipse/plugins/com.st.stm32cube.ide.mcu.externaltools.gnu-tools-for-stm32.13.3.rel1.macos64_1.0.0.202411102158/tools/bin/../lib/gcc/arm-none-eabi/13.3.1/../../../../arm-none-eabi/lib/thumb/v7e-m+fp/hard/libc_nano.a(libc_a-malloc.o) (_malloc_r)
/Applications/STM32CubeIDE.app/Contents/Eclipse/plugins/com.st.stm32cube.ide.mcu.externaltools.gnu-tools-for-stm32.13.3.rel1.macos64_1.0.0.202411102158/tools/bin/../lib/gcc/arm-none-eabi/13.3.1/../../../../arm-none-eabi/lib/thumb/v7e-m+fp/hard/libc_nano.a(libc_a-mlock.o)
                              /Applications/STM32CubeIDE.app/Contents/Eclipse/plugins/com.st.stm32cube.ide.mcu.externaltools.gnu-tools-for-stm32.13.3.rel1.macos64_1.0.0.202411102158/tools/bin/../lib/gcc/arm-none-eabi/13.3.1/../../../../arm-none-eabi/lib/thumb/v7e-m+fp/hard/libc_nano.a(libc_a-mallocr.o) (__malloc_lock)
/Applications/STM32CubeIDE.app/Contents/Eclipse/plugins/com.st.stm32cube.ide.mcu.externaltools.gnu-tools-for-stm32.13.3.rel1.macos64_1.0.0.202411102158/tools/bin/../lib/gcc/arm-none-eabi/13.3.1/../../../../arm-none-eabi/lib/thumb/v7e-m+fp/hard/libc_nano.a(libc_a-findfp.o)
                              /Applications/STM32CubeIDE.app/Contents/Eclipse/plugins/com.st.stm32cube.ide.mcu.externaltools.gnu-tools-for-stm32.13.3.rel1.macos64_1.0.0.202411102158/tools/bin/../lib/gcc/arm-none-eabi/13.3.1/../../../../arm-none-eabi/lib/thumb/v7e-m+fp/hard/libc_nano.a(libc_a-exit.o) (__stdio_exit_handler)
/Applications/STM32CubeIDE.app/Contents/Eclipse/plugins/com.st.stm32cube.ide.mcu.externaltools.gnu-tools-for-stm32.13.3.rel1.macos64_1.0.0.202411102158/tools/bin/../lib/gcc/arm-none-eabi/13.3.1/../../../../arm-none-eabi/lib/thumb/v7e-m+fp/hard/libc_nano.a(libc_a-fwalk.o)
                              /Applications/STM32CubeIDE.app/Contents/Eclipse/plugins/com.st.stm32cube.ide.mcu.externaltools.gnu-tools-for-stm32.13.3.rel1.macos64_1.0.0.202411102158/tools/bin/../lib/gcc/arm-none-eabi/13.3.1/../../../../arm-none-eabi/lib/thumb/v7e-m+fp/hard/libc_nano.a(libc_a-findfp.o) (_fwalk_sglue)
/Applications/STM32CubeIDE.app/Contents/Eclipse/plugins/com.st.stm32cube.ide.mcu.externaltools.gnu-tools-for-stm32.13.3.rel1.macos64_1.0.0.202411102158/tools/bin/../lib/gcc/arm-none-eabi/13.3.1/../../../../arm-none-eabi/lib/thumb/v7e-m+fp/hard/libc_nano.a(libc_a-memset.o)
                              /Applications/STM32CubeIDE.app/Contents/Eclipse/plugins/com.st.stm32cube.ide.mcu.externaltools.gnu-tools-for-stm32.13.3.rel1.macos64_1.0.0.202411102158/tools/bin/../lib/gcc/arm-none-eabi/13.3.1/../../../../arm-none-eabi/lib/thumb/v7e-m+fp/hard/crt0.o (memset)
/Applications/STM32CubeIDE.app/Contents/Eclipse/plugins/com.st.stm32cube.ide.mcu.externaltools.gnu-tools-for-stm32.13.3.rel1.macos64_1.0.0.202411102158/tools/bin/../lib/gcc/arm-none-eabi/13.3.1/../../../../arm-none-eabi/lib/thumb/v7e-m+fp/hard/libc_nano.a(libc_a-sbrkr.o)
                              /Applications/STM32CubeIDE.app/Contents/Eclipse/plugins/com.st.stm32cube.ide.mcu.externaltools.gnu-tools-for-stm32.13.3.rel1.macos64_1.0.0.202411102158/tools/bin/../lib/gcc/arm-none-eabi/13.3.1/../../../../arm-none-eabi/lib/thumb/v7e-m+fp/hard/libc_nano.a(libc_a-mallocr.o) (_sbrk_r)
/Applications/STM32CubeIDE.app/Contents/Eclipse/plugins/com.st.stm32cube.ide.mcu.externaltools.gnu-tools-for-stm32.13.3.rel1.macos64_1.0.0.202411102158/tools/bin/../lib/gcc/arm-none-eabi/13.3.1/../../../../arm-none-eabi/lib/thumb/v7e-m+fp/hard/libc_nano.a(libc_a-errno.o)
                              ./Core/Src/syscalls.o (__errno)
[...]
Memory Configuration

Name             Origin             Length             Attributes
CCMRAM           0x10000000         0x00010000         xrw
RAM              0x20000000         0x00020000         xrw
FLASH            0x08000000         0x00100000         xr
*default*        0x00000000         0xffffffff

Linker script and memory map

LOAD /Applications/STM32CubeIDE.app/Contents/Eclipse/plugins/com.st.stm32cube.ide.mcu.externaltools.gnu-tools-for-stm32.13.3.rel1.macos64_1.0.0.202411102158/tools/bin/../lib/gcc/arm-none-eabi/13.3.1/thumb/v7e-m+fp/hard/crti.o
LOAD /Applications/STM32CubeIDE.app/Contents/Eclipse/plugins/com.st.stm32cube.ide.mcu.externaltools.gnu-tools-for-stm32.13.3.rel1.macos64_1.0.0.202411102158/tools/bin/../lib/gcc/arm-none-eabi/13.3.1/thumb/v7e-m+fp/hard/crtbegin.o
LOAD /Applications/STM32CubeIDE.app/Contents/Eclipse/plugins/com.st.stm32cube.ide.mcu.externaltools.gnu-tools-for-stm32.13.3.rel1.macos64_1.0.0.202411102158/tools/bin/../lib/gcc/arm-none-eabi/13.3.1/../../../../arm-none-eabi/lib/thumb/v7e-m+fp/hard/crt0.o
LOAD ./Core/Src/main.o
LOAD ./Core/Src/stm32f4xx_hal_msp.o
LOAD ./Core/Src/stm32f4xx_it.o
LOAD ./Core/Src/syscalls.o
LOAD ./Core/Src/sysmem.o
LOAD ./Core/Src/system_stm32f4xx.o
LOAD ./Core/Startup/startup_stm32f407vgtx.o
LOAD ./Drivers/STM32F4xx_HAL_Driver/Src/stm32f4xx_hal.o
LOAD ./Drivers/STM32F4xx_HAL_Driver/Src/stm32f4xx_hal_cortex.o
LOAD ./Drivers/STM32F4xx_HAL_Driver/Src/stm32f4xx_hal_dma.o
LOAD ./Drivers/STM32F4xx_HAL_Driver/Src/stm32f4xx_hal_dma_ex.o
LOAD ./Drivers/STM32F4xx_HAL_Driver/Src/stm32f4xx_hal_exti.o
LOAD ./Drivers/STM32F4xx_HAL_Driver/Src/stm32f4xx_hal_flash.o
LOAD ./Drivers/STM32F4xx_HAL_Driver/Src/stm32f4xx_hal_flash_ex.o
LOAD ./Drivers/STM32F4xx_HAL_Driver/Src/stm32f4xx_hal_flash_ramfunc.o
LOAD ./Drivers/STM32F4xx_HAL_Driver/Src/stm32f4xx_hal_gpio.o
LOAD ./Drivers/STM32F4xx_HAL_Driver/Src/stm32f4xx_hal_hcd.o
LOAD ./Drivers/STM32F4xx_HAL_Driver/Src/stm32f4xx_hal_i2c.o
LOAD ./Drivers/STM32F4xx_HAL_Driver/Src/stm32f4xx_hal_i2c_ex.o
LOAD ./Drivers/STM32F4xx_HAL_Driver/Src/stm32f4xx_hal_i2s.o
LOAD ./Drivers/STM32F4xx_HAL_Driver/Src/stm32f4xx_hal_i2s_ex.o
LOAD ./Drivers/STM32F4xx_HAL_Driver/Src/stm32f4xx_hal_pwr.o
LOAD ./Drivers/STM32F4xx_HAL_Driver/Src/stm32f4xx_hal_pwr_ex.o
LOAD ./Drivers/STM32F4xx_HAL_Driver/Src/stm32f4xx_hal_rcc.o
LOAD ./Drivers/STM32F4xx_HAL_Driver/Src/stm32f4xx_hal_rcc_ex.o
LOAD ./Drivers/STM32F4xx_HAL_Driver/Src/stm32f4xx_hal_spi.o
LOAD ./Drivers/STM32F4xx_HAL_Driver/Src/stm32f4xx_hal_tim.o
LOAD ./Drivers/STM32F4xx_HAL_Driver/Src/stm32f4xx_hal_tim_ex.o
LOAD ./Drivers/STM32F4xx_HAL_Driver/Src/stm32f4xx_ll_usb.o
LOAD ./Middlewares/ST/STM32_USB_Host_Library/Class/CDC/Src/usbh_cdc.o
LOAD ./Middlewares/ST/STM32_USB_Host_Library/Core/Src/usbh_core.o
LOAD ./Middlewares/ST/STM32_USB_Host_Library/Core/Src/usbh_ctlreq.o
LOAD ./Middlewares/ST/STM32_USB_Host_Library/Core/Src/usbh_ioreq.o
LOAD ./Middlewares/ST/STM32_USB_Host_Library/Core/Src/usbh_pipes.o
LOAD ./USB_HOST/App/usb_host.o
LOAD ./USB_HOST/Target/usbh_conf.o
LOAD ./USB_HOST/Target/usbh_platform.o
START GROUP
LOAD /Applications/STM32CubeIDE.app/Contents/Eclipse/plugins/com.st.stm32cube.ide.mcu.externaltools.gnu-tools-for-stm32.13.3.rel1.macos64_1.0.0.202411102158/tools/bin/../lib/gcc/arm-none-eabi/13.3.1/../../../../arm-none-eabi/lib/thumb/v7e-m+fp/hard/libc_nano.a
LOAD /Applications/STM32CubeIDE.app/Contents/Eclipse/plugins/com.st.stm32cube.ide.mcu.externaltools.gnu-tools-for-stm32.13.3.rel1.macos64_1.0.0.202411102158/tools/bin/../lib/gcc/arm-none-eabi/13.3.1/../../../../arm-none-eabi/lib/thumb/v7e-m+fp/hard/libm.a
END GROUP
START GROUP
LOAD /Applications/STM32CubeIDE.app/Contents/Eclipse/plugins/com.st.stm32cube.ide.mcu.externaltools.gnu-tools-for-stm32.13.3.rel1.macos64_1.0.0.202411102158/tools/bin/../lib/gcc/arm-none-eabi/13.3.1/thumb/v7e-m+fp/hard/libgcc.a
LOAD /Applications/STM32CubeIDE.app/Contents/Eclipse/plugins/com.st.stm32cube.ide.mcu.externaltools.gnu-tools-for-stm32.13.3.rel1.macos64_1.0.0.202411102158/tools/bin/../lib/gcc/arm-none-eabi/13.3.1/../../../../arm-none-eabi/lib/thumb/v7e-m+fp/hard/libc_nano.a
END GROUP
START GROUP
LOAD /Applications/STM32CubeIDE.app/Contents/Eclipse/plugins/com.st.stm32cube.ide.mcu.externaltools.gnu-tools-for-stm32.13.3.rel1.macos64_1.0.0.202411102158/tools/bin/../lib/gcc/arm-none-eabi/13.3.1/thumb/v7e-m+fp/hard/libgcc.a
LOAD /Applications/STM32CubeIDE.app/Contents/Eclipse/plugins/com.st.stm32cube.ide.mcu.externaltools.gnu-tools-for-stm32.13.3.rel1.macos64_1.0.0.202411102158/tools/bin/../lib/gcc/arm-none-eabi/13.3.1/../../../../arm-none-eabi/lib/thumb/v7e-m+fp/hard/libc_nano.a
LOAD /Applications/STM32CubeIDE.app/Contents/Eclipse/plugins/com.st.stm32cube.ide.mcu.externaltools.gnu-tools-for-stm32.13.3.rel1.macos64_1.0.0.202411102158/tools/bin/../lib/gcc/arm-none-eabi/13.3.1/../../../../arm-none-eabi/lib/thumb/v7e-m+fp/hard/libnosys.a
END GROUP
START GROUP
LOAD /Applications/STM32CubeIDE.app/Contents/Eclipse/plugins/com.st.stm32cube.ide.mcu.externaltools.gnu-tools-for-stm32.13.3.rel1.macos64_1.0.0.202411102158/tools/bin/../lib/gcc/arm-none-eabi/13.3.1/thumb/v7e-m+fp/hard/libgcc.a
LOAD /Applications/STM32CubeIDE.app/Contents/Eclipse/plugins/com.st.stm32cube.ide.mcu.externaltools.gnu-tools-for-stm32.13.3.rel1.macos64_1.0.0.202411102158/tools/bin/../lib/gcc/arm-none-eabi/13.3.1/../../../../arm-none-eabi/lib/thumb/v7e-m+fp/hard/libc_nano.a
LOAD /Applications/STM32CubeIDE.app/Contents/Eclipse/plugins/com.st.stm32cube.ide.mcu.externaltools.gnu-tools-for-stm32.13.3.rel1.macos64_1.0.0.202411102158/tools/bin/../lib/gcc/arm-none-eabi/13.3.1/../../../../arm-none-eabi/lib/thumb/v7e-m+fp/hard/libnosys.a
END GROUP
LOAD /Applications/STM32CubeIDE.app/Contents/Eclipse/plugins/com.st.stm32cube.ide.mcu.externaltools.gnu-tools-for-stm32.13.3.rel1.macos64_1.0.0.202411102158/tools/bin/../lib/gcc/arm-none-eabi/13.3.1/thumb/v7e-m+fp/hard/crtend.o
LOAD /Applications/STM32CubeIDE.app/Contents/Eclipse/plugins/com.st.stm32cube.ide.mcu.externaltools.gnu-tools-for-stm32.13.3.rel1.macos64_1.0.0.202411102158/tools/bin/../lib/gcc/arm-none-eabi/13.3.1/thumb/v7e-m+fp/hard/crtn.o
                0x20020000                        _estack = (ORIGIN (RAM) + LENGTH (RAM))
                0x00000200                        _Min_Heap_Size = 0x200
                0x00000400                        _Min_Stack_Size = 0x400

.isr_vector     0x08000000      0x188
                0x08000000                        . = ALIGN (0x4)
 *(.isr_vector)
 .isr_vector    0x08000000      0x188 ./Core/Startup/startup_stm32f407vgtx.o
                0x08000000                g_pfnVectors
                0x08000188                        . = ALIGN (0x4)

.text           0x08000188     0x9a98
                0x08000188                        . = ALIGN (0x4)
 *(.text)
 .text          0x08000188       0x40 /Applications/STM32CubeIDE.app/Contents/Eclipse/plugins/com.st.stm32cube.ide.mcu.externaltools.gnu-tools-for-stm32.13.3.rel1.macos64_1.0.0.202411102158/tools/bin/../lib/gcc/arm-none-eabi/13.3.1/thumb/v7e-m+fp/hard/crtbegin.o
 .text          0x080001c8       0x30 /Applications/STM32CubeIDE.app/Contents/Eclipse/plugins/com.st.stm32cube.ide.mcu.externaltools.gnu-tools-for-stm32.13.3.rel1.macos64_1.0.0.202411102158/tools/bin/../lib/gcc/arm-none-eabi/13.3.1/thumb/v7e-m+fp/hard/libgcc.a(_aeabi_uldivmod.o)
                0x080001c8                __aeabi_uldivmod
 .text          0x080001f8      0x2f8 /Applications/STM32CubeIDE.app/Contents/Eclipse/plugins/com.st.stm32cube.ide.mcu.externaltools.gnu-tools-for-stm32.13.3.rel1.macos64_1.0.0.202411102158/tools/bin/../lib/gcc/arm-none-eabi/13.3.1/thumb/v7e-m+fp/hard/libgcc.a(_udivmoddi4.o)
                0x080001f8                __udivmoddi4
 .text          0x080004f0        0x4 /Applications/STM32CubeIDE.app/Contents/Eclipse/plugins/com.st.stm32cube.ide.mcu.externaltools.gnu-tools-for-stm32.13.3.rel1.macos64_1.0.0.202411102158/tools/bin/../lib/gcc/arm-none-eabi/13.3.1/thumb/v7e-m+fp/hard/libgcc.a(_dvmd_tls.o)
                0x080004f0                __aeabi_ldiv0
                0x080004f0                __aeabi_idiv0
 *(.text*)
 .text.main     0x080004f4       0x48 ./Core/Src/main.o
                0x080004f4                main
 .text.SystemClock_Config
                0x0800053c       0xd4 ./Core/Src/main.o
                0x0800053c                SystemClock_Config
 .text.MX_I2C1_Init
                0x08000610       0x5c ./Core/Src/main.o
 .text.MX_I2S3_Init
                0x0800066c       0x60 ./Core/Src/main.o
 .text.MX_SPI1_Init
                0x080006cc       0x6c ./Core/Src/main.o
 .text.MX_TIM4_Init
                0x08000738      0x118 ./Core/Src/main.o
 .text.MX_GPIO_Init
                0x08000850      0x1fc ./Core/Src/main.o
 .text.inicio   0x08000a4c       0x3c ./Core/Src/main.o
                0x08000a4c                inicio
 .text.transicion1
                0x08000a88       0x50 ./Core/Src/main.o
                0x08000a88                transicion1
 .text.transicion2
                0x08000ad8       0x40 ./Core/Src/main.o
                0x08000ad8                transicion2
 .text.transicion3
                0x08000b18       0x50 ./Core/Src/main.o
                0x08000b18                transicion3
 .text.transicion4
                0x08000b68       0x40 ./Core/Src/main.o
                0x08000b68                transicion4
 .text.transicion5
                0x08000ba8       0x50 ./Core/Src/main.o
                0x08000ba8                transicion5
 .text.transicion6
                0x08000bf8       0x40 ./Core/Src/main.o
                0x08000bf8                transicion6
 .text.Error_Handler
                0x08000c38        0xc ./Core/Src/main.o
                0x08000c38                Error_Handler
 .text.HAL_MspInit
                0x08000c44       0x50 ./Core/Src/stm32f4xx_hal_msp.o
                0x08000c44                HAL_MspInit
 .text.HAL_I2C_MspInit
                0x08000c94       0x90 ./Core/Src/stm32f4xx_hal_msp.o
                0x08000c94                HAL_I2C_MspInit
 .text.HAL_I2S_MspInit
                0x08000d24      0x100 ./Core/Src/stm32f4xx_hal_msp.o
                0x08000d24                HAL_I2S_MspInit
 .text.HAL_SPI_MspInit
                0x08000e24       0x90 ./Core/Src/stm32f4xx_hal_msp.o
                0x08000e24                HAL_SPI_MspInit
 .text.HAL_TIM_Base_MspInit
                0x08000eb4       0x44 ./Core/Src/stm32f4xx_hal_msp.o
                0x08000eb4                HAL_TIM_Base_MspInit
 .text.HAL_TIM_MspPostInit
                0x08000ef8       0x74 ./Core/Src/stm32f4xx_hal_msp.o
                0x08000ef8                HAL_TIM_MspPostInit
 .text.NMI_Handler
                0x08000f6c        0x8 ./Core/Src/stm32f4xx_it.o
                0x08000f6c                NMI_Handler
 .text.HardFault_Handler
                0x08000f74        0x8 ./Core/Src/stm32f4xx_it.o
                0x08000f74                HardFault_Handler
 .text.MemManage_Handler
                0x08000f7c        0x8 ./Core/Src/stm32f4xx_it.o
                0x08000f7c                MemManage_Handler
 .text.BusFault_Handler
                0x08000f84        0x8 ./Core/Src/stm32f4xx_it.o
                0x08000f84                BusFault_Handler
 .text.UsageFault_Handler
                0x08000f8c        0x8 ./Core/Src/stm32f4xx_it.o
                0x08000f8c                UsageFault_Handler
 .text.SVC_Handler
                0x08000f94        0xe ./Core/Src/stm32f4xx_it.o
                0x08000f94                SVC_Handler
 .text.DebugMon_Handler
                0x08000fa2        0xe ./Core/Src/stm32f4xx_it.o
                0x08000fa2                DebugMon_Handler
 .text.PendSV_Handler
                0x08000fb0        0xe ./Core/Src/stm32f4xx_it.o
                0x08000fb0                PendSV_Handler
 .text.SysTick_Handler
                0x08000fbe        0xc ./Core/Src/stm32f4xx_it.o
                0x08000fbe                SysTick_Handler
 *fill*         0x08000fca        0x2 
 .text.OTG_FS_IRQHandler
                0x08000fcc       0x14 ./Core/Src/stm32f4xx_it.o
                0x08000fcc                OTG_FS_IRQHandler
 .text._sbrk    0x08000fe0       0x6c ./Core/Src/sysmem.o
                0x08000fe0                _sbrk
 .text.SystemInit
                0x0800104c       0x24 ./Core/Src/system_stm32f4xx.o
                0x0800104c                SystemInit
 .text.Reset_Handler
                0x08001070       0x50 ./Core/Startup/startup_stm32f407vgtx.o
                0x08001070                Reset_Handler
 .text.Default_Handler
                0x080010c0        0x2 ./Core/Startup/startup_stm32f407vgtx.o
                0x080010c0                DMA1_Stream3_IRQHandler
                0x080010c0                HASH_RNG_IRQHandler
                0x080010c0                EXTI2_IRQHandler
                0x080010c0                TIM8_CC_IRQHandler
                0x080010c0                TIM1_CC_IRQHandler
                0x080010c0                DMA2_Stream5_IRQHandler
                0x080010c0                DMA1_Stream5_IRQHandler
                0x080010c0                PVD_IRQHandler
                0x080010c0                SDIO_IRQHandler
                0x080010c0                TAMP_STAMP_IRQHandler
                0x080010c0                CAN2_RX1_IRQHandler
                0x080010c0                EXTI3_IRQHandler
                0x080010c0                TIM8_TRG_COM_TIM14_IRQHandler
                0x080010c0                TIM1_UP_TIM10_IRQHandler
                0x080010c0                TIM8_UP_TIM13_IRQHandler
                0x080010c0                I2C3_ER_IRQHandler
                0x080010c0                EXTI0_IRQHandler
                0x080010c0                I2C2_EV_IRQHandler
                0x080010c0                DMA1_Stream2_IRQHandler
                0x080010c0                CAN1_RX0_IRQHandler
                0x080010c0                FPU_IRQHandler
                0x080010c0                OTG_HS_WKUP_IRQHandler
                0x080010c0                CAN2_SCE_IRQHandler
                0x080010c0                DMA2_Stream2_IRQHandler
                0x080010c0                SPI1_IRQHandler
                0x080010c0                TIM6_DAC_IRQHandler
                0x080010c0                TIM1_BRK_TIM9_IRQHandler
                0x080010c0                DCMI_IRQHandler
                0x080010c0                CAN2_RX0_IRQHandler
                0x080010c0                DMA2_Stream3_IRQHandler
                0x080010c0                USART6_IRQHandler
                0x080010c0                USART3_IRQHandler
                0x080010c0                CAN1_RX1_IRQHandler
                0x080010c0                UART5_IRQHandler
                0x080010c0                DMA2_Stream0_IRQHandler
                0x080010c0                TIM4_IRQHandler
                0x080010c0                I2C1_EV_IRQHandler
                0x080010c0                DMA1_Stream6_IRQHandler
                0x080010c0                DMA1_Stream1_IRQHandler
                0x080010c0                UART4_IRQHandler
                0x080010c0                TIM3_IRQHandler
                0x080010c0                RCC_IRQHandler
                0x080010c0                TIM8_BRK_TIM12_IRQHandler
                0x080010c0                Default_Handler
                0x080010c0                EXTI15_10_IRQHandler
                0x080010c0                ADC_IRQHandler
                0x080010c0                DMA1_Stream7_IRQHandler
                0x080010c0                TIM7_IRQHandler
                0x080010c0                CAN2_TX_IRQHandler
                0x080010c0                TIM5_IRQHandler
                0x080010c0                DMA2_Stream7_IRQHandler
                0x080010c0                I2C3_EV_IRQHandler
                0x080010c0                EXTI9_5_IRQHandler
                0x080010c0                RTC_WKUP_IRQHandler
                0x080010c0                ETH_WKUP_IRQHandler
                0x080010c0                SPI2_IRQHandler
                0x080010c0                OTG_HS_EP1_IN_IRQHandler
                0x080010c0                DMA1_Stream0_IRQHandler
                0x080010c0                CAN1_TX_IRQHandler
                0x080010c0                EXTI4_IRQHandler
                0x080010c0                FSMC_IRQHandler
                0x080010c0                ETH_IRQHandler
                0x080010c0                OTG_HS_EP1_OUT_IRQHandler
                0x080010c0                WWDG_IRQHandler
                0x080010c0                TIM2_IRQHandler
                0x080010c0                OTG_FS_WKUP_IRQHandler
                0x080010c0                TIM1_TRG_COM_TIM11_IRQHandler
                0x080010c0                OTG_HS_IRQHandler
                0x080010c0                EXTI1_IRQHandler
                0x080010c0                USART2_IRQHandler
                0x080010c0                I2C2_ER_IRQHandler
                0x080010c0                DMA2_Stream1_IRQHandler
                0x080010c0                CAN1_SCE_IRQHandler
                0x080010c0                FLASH_IRQHandler
                0x080010c0                DMA2_Stream4_IRQHandler
                0x080010c0                USART1_IRQHandler
                0x080010c0                SPI3_IRQHandler
                0x080010c0                DMA1_Stream4_IRQHandler
                0x080010c0                I2C1_ER_IRQHandler
                0x080010c0                DMA2_Stream6_IRQHandler
                0x080010c0                RTC_Alarm_IRQHandler
 *fill*         0x080010c2        0x2 
 .text.HAL_Init
                0x080010c4       0x44 ./Drivers/STM32F4xx_HAL_Driver/Src/stm32f4xx_hal.o
                0x080010c4                HAL_Init
 .text.HAL_InitTick
                0x08001108       0x60 ./Drivers/STM32F4xx_HAL_Driver/Src/stm32f4xx_hal.o
                0x08001108                HAL_InitTick
 .text.HAL_IncTick
                0x08001168       0x28 ./Drivers/STM32F4xx_HAL_Driver/Src/stm32f4xx_hal.o
                0x08001168                HAL_IncTick
 .text.HAL_GetTick
                0x08001190       0x18 ./Drivers/STM32F4xx_HAL_Driver/Src/stm32f4xx_hal.o
                0x08001190                HAL_GetTick
 .text.HAL_Delay
                0x080011a8       0x48 ./Drivers/STM32F4xx_HAL_Driver/Src/stm32f4xx_hal.o
                0x080011a8                HAL_Delay
 .text.__NVIC_SetPriorityGrouping
                0x080011f0       0x48 ./Drivers/STM32F4xx_HAL_Driver/Src/stm32f4xx_hal_cortex.o
 .text.__NVIC_GetPriorityGrouping
                0x08001238       0x1c ./Drivers/STM32F4xx_HAL_Driver/Src/stm32f4xx_hal_cortex.o
 .text.__NVIC_EnableIRQ
                0x08001254       0x3c ./Drivers/STM32F4xx_HAL_Driver/Src/stm32f4xx_hal_cortex.o
 .text.__NVIC_SetPriority
                0x08001290       0x54 ./Drivers/STM32F4xx_HAL_Driver/Src/stm32f4xx_hal_cortex.o
 .text.NVIC_EncodePriority
                0x080012e4       0x66 ./Drivers/STM32F4xx_HAL_Driver/Src/stm32f4xx_hal_cortex.o
 *fill*         0x0800134a        0x2 
 .text.SysTick_Config
                0x0800134c       0x44 ./Drivers/STM32F4xx_HAL_Driver/Src/stm32f4xx_hal_cortex.o
 .text.HAL_NVIC_SetPriorityGrouping
                0x08001390       0x16 ./Drivers/STM32F4xx_HAL_Driver/Src/stm32f4xx_hal_cortex.o
                0x08001390                HAL_NVIC_SetPriorityGrouping
 .text.HAL_NVIC_SetPriority
                0x080013a6       0x38 ./Drivers/STM32F4xx_HAL_Driver/Src/stm32f4xx_hal_cortex.o
                0x080013a6                HAL_NVIC_SetPriority
 .text.HAL_NVIC_EnableIRQ
                0x080013de       0x1c ./Drivers/STM32F4xx_HAL_Driver/Src/stm32f4xx_hal_cortex.o
                0x080013de                HAL_NVIC_EnableIRQ
 .text.HAL_SYSTICK_Config
                0x080013fa       0x18 ./Drivers/STM32F4xx_HAL_Driver/Src/stm32f4xx_hal_cortex.o
                0x080013fa                HAL_SYSTICK_Config
 *fill*         0x08001412        0x2 
 .text.HAL_GPIO_Init
                0x08001414      0x338 ./Drivers/STM32F4xx_HAL_Driver/Src/stm32f4xx_hal_gpio.o
                0x08001414                HAL_GPIO_Init
 .text.HAL_GPIO_WritePin
                0x0800174c       0x32 ./Drivers/STM32F4xx_HAL_Driver/Src/stm32f4xx_hal_gpio.o
                0x0800174c                HAL_GPIO_WritePin
 .text.HAL_HCD_Init
                0x0800177e       0xce ./Drivers/STM32F4xx_HAL_Driver/Src/stm32f4xx_hal_hcd.o
                0x0800177e                HAL_HCD_Init
 .text.HAL_HCD_HC_Init
                0x0800184c      0x170 ./Drivers/STM32F4xx_HAL_Driver/Src/stm32f4xx_hal_hcd.o
                0x0800184c                HAL_HCD_HC_Init
 .text.HAL_HCD_HC_Halt
                0x080019bc       0x46 ./Drivers/STM32F4xx_HAL_Driver/Src/stm32f4xx_hal_hcd.o
                0x080019bc                HAL_HCD_HC_Halt
 *fill*         0x08001a02        0x2 
 .text.HAL_HCD_HC_SubmitRequest
                0x08001a04      0x33c ./Drivers/STM32F4xx_HAL_Driver/Src/stm32f4xx_hal_hcd.o
                0x08001a04                HAL_HCD_HC_SubmitRequest
 .text.HAL_HCD_IRQHandler
                0x08001d40      0x220 ./Drivers/STM32F4xx_HAL_Driver/Src/stm32f4xx_hal_hcd.o
                0x08001d40                HAL_HCD_IRQHandler
 .text.HAL_HCD_Start
                0x08001f60       0x46 ./Drivers/STM32F4xx_HAL_Driver/Src/stm32f4xx_hal_hcd.o
                0x08001f60                HAL_HCD_Start
 .text.HAL_HCD_Stop
                0x08001fa6       0x3a ./Drivers/STM32F4xx_HAL_Driver/Src/stm32f4xx_hal_hcd.o
                0x08001fa6                HAL_HCD_Stop
 .text.HAL_HCD_ResetPort
                0x08001fe0       0x1c ./Drivers/STM32F4xx_HAL_Driver/Src/stm32f4xx_hal_hcd.o
                0x08001fe0                HAL_HCD_ResetPort
 .text.HAL_HCD_HC_GetURBState
                0x08001ffc       0x2a ./Drivers/STM32F4xx_HAL_Driver/Src/stm32f4xx_hal_hcd.o
                0x08001ffc                HAL_HCD_HC_GetURBState
 .text.HAL_HCD_HC_GetXferCount
                0x08002026       0x2a ./Drivers/STM32F4xx_HAL_Driver/Src/stm32f4xx_hal_hcd.o
                0x08002026                HAL_HCD_HC_GetXferCount
 .text.HAL_HCD_GetCurrentFrame
                0x08002050       0x1c ./Drivers/STM32F4xx_HAL_Driver/Src/stm32f4xx_hal_hcd.o
                0x08002050                HAL_HCD_GetCurrentFrame
 .text.HAL_HCD_GetCurrentSpeed
                0x0800206c       0x1c ./Drivers/STM32F4xx_HAL_Driver/Src/stm32f4xx_hal_hcd.o
                0x0800206c                HAL_HCD_GetCurrentSpeed
 .text.HAL_HCD_HC_ClearHubInfo
                0x08002088       0x6a ./Drivers/STM32F4xx_HAL_Driver/Src/stm32f4xx_hal_hcd.o
                0x08002088                HAL_HCD_HC_ClearHubInfo
 .text.HCD_HC_IN_IRQHandler
                0x080020f2      0xcd2 ./Drivers/STM32F4xx_HAL_Driver/Src/stm32f4xx_hal_hcd.o
 .text.HCD_HC_OUT_IRQHandler
                0x08002dc4      0x97e ./Drivers/STM32F4xx_HAL_Driver/Src/stm32f4xx_hal_hcd.o
 .text.HCD_RXQLVL_IRQHandler
                0x08003742      0x1be ./Drivers/STM32F4xx_HAL_Driver/Src/stm32f4xx_hal_hcd.o
 .text.HCD_Port_IRQHandler
                0x08003900       0xe6 ./Drivers/STM32F4xx_HAL_Driver/Src/stm32f4xx_hal_hcd.o
 *fill*         0x080039e6        0x2 
 .text.HAL_I2C_Init
                0x080039e8      0x288 ./Drivers/STM32F4xx_HAL_Driver/Src/stm32f4xx_hal_i2c.o
                0x080039e8                HAL_I2C_Init
 .text.HAL_I2S_Init
                0x08003c70      0x280 ./Drivers/STM32F4xx_HAL_Driver/Src/stm32f4xx_hal_i2s.o
                0x08003c70                HAL_I2S_Init
 .text.HAL_I2S_TxCpltCallback
                0x08003ef0       0x14 ./Drivers/STM32F4xx_HAL_Driver/Src/stm32f4xx_hal_i2s.o
                0x08003ef0                HAL_I2S_TxCpltCallback
 .text.HAL_I2S_RxCpltCallback
                0x08003f04       0x14 ./Drivers/STM32F4xx_HAL_Driver/Src/stm32f4xx_hal_i2s.o
                0x08003f04                HAL_I2S_RxCpltCallback
 .text.HAL_I2S_ErrorCallback
                0x08003f18       0x14 ./Drivers/STM32F4xx_HAL_Driver/Src/stm32f4xx_hal_i2s.o
                0x08003f18                HAL_I2S_ErrorCallback
 .text.I2S_Transmit_IT
                0x08003f2c       0x5c ./Drivers/STM32F4xx_HAL_Driver/Src/stm32f4xx_hal_i2s.o
 .text.I2S_Receive_IT
                0x08003f88       0x5e ./Drivers/STM32F4xx_HAL_Driver/Src/stm32f4xx_hal_i2s.o
 .text.I2S_IRQHandler
                0x08003fe6      0x114 ./Drivers/STM32F4xx_HAL_Driver/Src/stm32f4xx_hal_i2s.o
 *fill*         0x080040fa        0x2 
 .text.HAL_I2SEx_FullDuplex_IRQHandler
                0x080040fc      0x2a8 ./Drivers/STM32F4xx_HAL_Driver/Src/stm32f4xx_hal_i2s_ex.o
                0x080040fc                HAL_I2SEx_FullDuplex_IRQHandler
 .text.HAL_I2SEx_TxRxCpltCallback
                0x080043a4       0x14 ./Drivers/STM32F4xx_HAL_Driver/Src/stm32f4xx_hal_i2s_ex.o
                0x080043a4                HAL_I2SEx_TxRxCpltCallback
 .text.I2SEx_TxISR_I2S
                0x080043b8       0x62 ./Drivers/STM32F4xx_HAL_Driver/Src/stm32f4xx_hal_i2s_ex.o
 *fill*         0x0800441a        0x2 
 .text.I2SEx_TxISR_I2SExt
                0x0800441c       0x98 ./Drivers/STM32F4xx_HAL_Driver/Src/stm32f4xx_hal_i2s_ex.o
 .text.I2SEx_RxISR_I2S
                0x080044b4       0x64 ./Drivers/STM32F4xx_HAL_Driver/Src/stm32f4xx_hal_i2s_ex.o
 .text.I2SEx_RxISR_I2SExt
                0x08004518       0x98 ./Drivers/STM32F4xx_HAL_Driver/Src/stm32f4xx_hal_i2s_ex.o
 .text.HAL_RCC_OscConfig
                0x080045b0      0x4f0 ./Drivers/STM32F4xx_HAL_Driver/Src/stm32f4xx_hal_rcc.o
                0x080045b0                HAL_RCC_OscConfig
 .text.HAL_RCC_ClockConfig
                0x08004aa0      0x1cc ./Drivers/STM32F4xx_HAL_Driver/Src/stm32f4xx_hal_rcc.o
                0x08004aa0                HAL_RCC_ClockConfig
 .text.HAL_RCC_GetSysClockFreq
                0x08004c6c      0x20c ./Drivers/STM32F4xx_HAL_Driver/Src/stm32f4xx_hal_rcc.o
                0x08004c6c                HAL_RCC_GetSysClockFreq
 .text.HAL_RCC_GetHCLKFreq
                0x08004e78       0x18 ./Drivers/STM32F4xx_HAL_Driver/Src/stm32f4xx_hal_rcc.o
                0x08004e78                HAL_RCC_GetHCLKFreq
 .text.HAL_RCC_GetPCLK1Freq
                0x08004e90       0x28 ./Drivers/STM32F4xx_HAL_Driver/Src/stm32f4xx_hal_rcc.o
                0x08004e90                HAL_RCC_GetPCLK1Freq
 .text.HAL_RCCEx_PeriphCLKConfig
                0x08004eb8      0x1c4 ./Drivers/STM32F4xx_HAL_Driver/Src/stm32f4xx_hal_rcc_ex.o
                0x08004eb8                HAL_RCCEx_PeriphCLKConfig
 .text.HAL_RCCEx_GetPeriphCLKFreq
                0x0800507c       0xc0 ./Drivers/STM32F4xx_HAL_Driver/Src/stm32f4xx_hal_rcc_ex.o
                0x0800507c                HAL_RCCEx_GetPeriphCLKFreq
 .text.HAL_SPI_Init
                0x0800513c      0x112 ./Drivers/STM32F4xx_HAL_Driver/Src/stm32f4xx_hal_spi.o
                0x0800513c                HAL_SPI_Init
 .text.HAL_TIM_Base_Init
                0x0800524e       0x9e ./Drivers/STM32F4xx_HAL_Driver/Src/stm32f4xx_hal_tim.o
                0x0800524e                HAL_TIM_Base_Init
 .text.HAL_TIM_PWM_Init
                0x080052ec       0x9e ./Drivers/STM32F4xx_HAL_Driver/Src/stm32f4xx_hal_tim.o
                0x080052ec                HAL_TIM_PWM_Init
 .text.HAL_TIM_PWM_MspInit
                0x0800538a       0x14 ./Drivers/STM32F4xx_HAL_Driver/Src/stm32f4xx_hal_tim.o
                0x0800538a                HAL_TIM_PWM_MspInit
 *fill*         0x0800539e        0x2 
 .text.HAL_TIM_PWM_Start
                0x080053a0      0x190 ./Drivers/STM32F4xx_HAL_Driver/Src/stm32f4xx_hal_tim.o
                0x080053a0                HAL_TIM_PWM_Start
 .text.HAL_TIM_PWM_ConfigChannel
                0x08005530      0x184 ./Drivers/STM32F4xx_HAL_Driver/Src/stm32f4xx_hal_tim.o
                0x08005530                HAL_TIM_PWM_ConfigChannel
 .text.HAL_TIM_ConfigClockSource
                0x080056b4      0x18e ./Drivers/STM32F4xx_HAL_Driver/Src/stm32f4xx_hal_tim.o
                0x080056b4                HAL_TIM_ConfigClockSource
 *fill*         0x08005842        0x2 
 .text.TIM_Base_SetConfig
                0x08005844      0x14c ./Drivers/STM32F4xx_HAL_Driver/Src/stm32f4xx_hal_tim.o
                0x08005844                TIM_Base_SetConfig
 .text.TIM_OC1_SetConfig
                0x08005990       0xe0 ./Drivers/STM32F4xx_HAL_Driver/Src/stm32f4xx_hal_tim.o
 .text.TIM_OC2_SetConfig
                0x08005a70       0xec ./Drivers/STM32F4xx_HAL_Driver/Src/stm32f4xx_hal_tim.o
                0x08005a70                TIM_OC2_SetConfig
 .text.TIM_OC3_SetConfig
                0x08005b5c       0xe8 ./Drivers/STM32F4xx_HAL_Driver/Src/stm32f4xx_hal_tim.o
 .text.TIM_OC4_SetConfig
                0x08005c44       0xac ./Drivers/STM32F4xx_HAL_Driver/Src/stm32f4xx_hal_tim.o
 .text.TIM_TI1_ConfigInputStage
                0x08005cf0       0x5e ./Drivers/STM32F4xx_HAL_Driver/Src/stm32f4xx_hal_tim.o
 .text.TIM_TI2_ConfigInputStage
                0x08005d4e       0x60 ./Drivers/STM32F4xx_HAL_Driver/Src/stm32f4xx_hal_tim.o
 .text.TIM_ITRx_SetConfig
                0x08005dae       0x36 ./Drivers/STM32F4xx_HAL_Driver/Src/stm32f4xx_hal_tim.o
 .text.TIM_ETR_SetConfig
                0x08005de4       0x40 ./Drivers/STM32F4xx_HAL_Driver/Src/stm32f4xx_hal_tim.o
                0x08005de4                TIM_ETR_SetConfig
 .text.TIM_CCxChannelCmd
                0x08005e24       0x4a ./Drivers/STM32F4xx_HAL_Driver/Src/stm32f4xx_hal_tim.o
                0x08005e24                TIM_CCxChannelCmd
 *fill*         0x08005e6e        0x2 
 .text.HAL_TIMEx_MasterConfigSynchronization
                0x08005e70       0xf8 ./Drivers/STM32F4xx_HAL_Driver/Src/stm32f4xx_hal_tim_ex.o
                0x08005e70                HAL_TIMEx_MasterConfigSynchronization
 .text.USB_CoreInit
                0x08005f68       0xc8 ./Drivers/STM32F4xx_HAL_Driver/Src/stm32f4xx_ll_usb.o
                0x08005f68                USB_CoreInit
 .text.USB_EnableGlobalInt
                0x08006030       0x22 ./Drivers/STM32F4xx_HAL_Driver/Src/stm32f4xx_ll_usb.o
                0x08006030                USB_EnableGlobalInt
 .text.USB_DisableGlobalInt
                0x08006052       0x22 ./Drivers/STM32F4xx_HAL_Driver/Src/stm32f4xx_ll_usb.o
                0x08006052                USB_DisableGlobalInt
 .text.USB_SetCurrentMode
                0x08006074       0x98 ./Drivers/STM32F4xx_HAL_Driver/Src/stm32f4xx_ll_usb.o
                0x08006074                USB_SetCurrentMode
 .text.USB_FlushTxFifo
                0x0800610c       0x64 ./Drivers/STM32F4xx_HAL_Driver/Src/stm32f4xx_ll_usb.o
                0x0800610c                USB_FlushTxFifo
 .text.USB_FlushRxFifo
                0x08006170       0x5c ./Drivers/STM32F4xx_HAL_Driver/Src/stm32f4xx_ll_usb.o
                0x08006170                USB_FlushRxFifo
 .text.USB_WritePacket
                0x080061cc       0x7c ./Drivers/STM32F4xx_HAL_Driver/Src/stm32f4xx_ll_usb.o
                0x080061cc                USB_WritePacket
 .text.USB_ReadPacket
                0x08006248       0xb0 ./Drivers/STM32F4xx_HAL_Driver/Src/stm32f4xx_ll_usb.o
                0x08006248                USB_ReadPacket
 .text.USB_ReadInterrupts
                0x080062f8       0x26 ./Drivers/STM32F4xx_HAL_Driver/Src/stm32f4xx_ll_usb.o
                0x080062f8                USB_ReadInterrupts
 .text.USB_ReadChInterrupts
                0x0800631e       0x42 ./Drivers/STM32F4xx_HAL_Driver/Src/stm32f4xx_ll_usb.o
                0x0800631e                USB_ReadChInterrupts
 .text.USB_GetMode
                0x08006360       0x1c ./Drivers/STM32F4xx_HAL_Driver/Src/stm32f4xx_ll_usb.o
                0x08006360                USB_GetMode
 .text.USB_CoreReset
                0x0800637c       0x70 ./Drivers/STM32F4xx_HAL_Driver/Src/stm32f4xx_ll_usb.o
 .text.USB_HostInit
                0x080063ec      0x188 ./Drivers/STM32F4xx_HAL_Driver/Src/stm32f4xx_ll_usb.o
                0x080063ec                USB_HostInit
 .text.USB_InitFSLSPClkSel
                0x08006574       0x7a ./Drivers/STM32F4xx_HAL_Driver/Src/stm32f4xx_ll_usb.o
                0x08006574                USB_InitFSLSPClkSel
 .text.USB_ResetPort
                0x080065ee       0x54 ./Drivers/STM32F4xx_HAL_Driver/Src/stm32f4xx_ll_usb.o
                0x080065ee                USB_ResetPort
 .text.USB_DriveVbus
                0x08006642       0x72 ./Drivers/STM32F4xx_HAL_Driver/Src/stm32f4xx_ll_usb.o
                0x08006642                USB_DriveVbus
 .text.USB_GetHostSpeed
                0x080066b4       0x2e ./Drivers/STM32F4xx_HAL_Driver/Src/stm32f4xx_ll_usb.o
                0x080066b4                USB_GetHostSpeed
 .text.USB_GetCurrentFrame
                0x080066e2       0x22 ./Drivers/STM32F4xx_HAL_Driver/Src/stm32f4xx_ll_usb.o
                0x080066e2                USB_GetCurrentFrame
 .text.USB_HC_Init
                0x08006704      0x258 ./Drivers/STM32F4xx_HAL_Driver/Src/stm32f4xx_ll_usb.o
                0x08006704                USB_HC_Init
 .text.USB_HC_StartXfer
                0x0800695c      0x4f4 ./Drivers/STM32F4xx_HAL_Driver/Src/stm32f4xx_ll_usb.o
                0x0800695c                USB_HC_StartXfer
 .text.USB_HC_ReadInterrupt
                0x08006e50       0x22 ./Drivers/STM32F4xx_HAL_Driver/Src/stm32f4xx_ll_usb.o
                0x08006e50                USB_HC_ReadInterrupt
 .text.USB_HC_Halt
                0x08006e72      0x240 ./Drivers/STM32F4xx_HAL_Driver/Src/stm32f4xx_ll_usb.o
                0x08006e72                USB_HC_Halt
 *fill*         0x080070b2        0x2 
 .text.USB_DoPing
                0x080070b4       0x78 ./Drivers/STM32F4xx_HAL_Driver/Src/stm32f4xx_ll_usb.o
                0x080070b4                USB_DoPing
 .text.USB_StopHost
                0x0800712c      0x124 ./Drivers/STM32F4xx_HAL_Driver/Src/stm32f4xx_ll_usb.o
                0x0800712c                USB_StopHost
 .text.USBH_CDC_InterfaceInit
                0x08007250      0x2ac ./Middlewares/ST/STM32_USB_Host_Library/Class/CDC/Src/usbh_cdc.o
 .text.USBH_CDC_InterfaceDeInit
                0x080074fc       0xb2 ./Middlewares/ST/STM32_USB_Host_Library/Class/CDC/Src/usbh_cdc.o
 .text.USBH_CDC_ClassRequest
                0x080075ae       0x3e ./Middlewares/ST/STM32_USB_Host_Library/Class/CDC/Src/usbh_cdc.o
 .text.USBH_CDC_Process
                0x080075ec      0x12c ./Middlewares/ST/STM32_USB_Host_Library/Class/CDC/Src/usbh_cdc.o
 .text.USBH_CDC_SOFProcess
                0x08007718       0x16 ./Middlewares/ST/STM32_USB_Host_Library/Class/CDC/Src/usbh_cdc.o
 .text.GetLineCoding
                0x0800772e       0x3e ./Middlewares/ST/STM32_USB_Host_Library/Class/CDC/Src/usbh_cdc.o
 .text.SetLineCoding
                0x0800776c       0x3e ./Middlewares/ST/STM32_USB_Host_Library/Class/CDC/Src/usbh_cdc.o
 .text.CDC_ProcessTransmission
                0x080077aa       0xec ./Middlewares/ST/STM32_USB_Host_Library/Class/CDC/Src/usbh_cdc.o
 .text.CDC_ProcessReception
                0x08007896       0xb6 ./Middlewares/ST/STM32_USB_Host_Library/Class/CDC/Src/usbh_cdc.o
 .text.USBH_CDC_TransmitCallback
                0x0800794c       0x14 ./Middlewares/ST/STM32_USB_Host_Library/Class/CDC/Src/usbh_cdc.o
                0x0800794c                USBH_CDC_TransmitCallback
 .text.USBH_CDC_ReceiveCallback
                0x08007960       0x14 ./Middlewares/ST/STM32_USB_Host_Library/Class/CDC/Src/usbh_cdc.o
                0x08007960                USBH_CDC_ReceiveCallback
 .text.USBH_CDC_LineCodingChanged
                0x08007974       0x14 ./Middlewares/ST/STM32_USB_Host_Library/Class/CDC/Src/usbh_cdc.o
                0x08007974                USBH_CDC_LineCodingChanged
 .text.USBH_Init
                0x08007988       0x74 ./Middlewares/ST/STM32_USB_Host_Library/Core/Src/usbh_core.o
                0x08007988                USBH_Init
 .text.DeInitStateMachine
                0x080079fc       0xe2 ./Middlewares/ST/STM32_USB_Host_Library/Core/Src/usbh_core.o
 .text.USBH_RegisterClass
                0x08007ade       0x54 ./Middlewares/ST/STM32_USB_Host_Library/Core/Src/usbh_core.o
                0x08007ade                USBH_RegisterClass
 .text.USBH_SelectInterface
                0x08007b32       0x38 ./Middlewares/ST/STM32_USB_Host_Library/Core/Src/usbh_core.o
                0x08007b32                USBH_SelectInterface
 .text.USBH_FindInterface
                0x08007b6a       0x8c ./Middlewares/ST/STM32_USB_Host_Library/Core/Src/usbh_core.o
                0x08007b6a                USBH_FindInterface
 .text.USBH_Start
                0x08007bf6       0x20 ./Middlewares/ST/STM32_USB_Host_Library/Core/Src/usbh_core.o
                0x08007bf6                USBH_Start
 *fill*         0x08007c16        0x2 
 .text.USBH_Process
                0x08007c18      0x3d4 ./Middlewares/ST/STM32_USB_Host_Library/Core/Src/usbh_core.o
                0x08007c18                USBH_Process
 .text.USBH_HandleEnum
                0x08007fec      0x3c0 ./Middlewares/ST/STM32_USB_Host_Library/Core/Src/usbh_core.o
 .text.USBH_LL_SetTimer
                0x080083ac       0x1e ./Middlewares/ST/STM32_USB_Host_Library/Core/Src/usbh_core.o
                0x080083ac                USBH_LL_SetTimer
 .text.USBH_LL_IncTimer
                0x080083ca       0x24 ./Middlewares/ST/STM32_USB_Host_Library/Core/Src/usbh_core.o
                0x080083ca                USBH_LL_IncTimer
 .text.USBH_HandleSof
                0x080083ee       0x30 ./Middlewares/ST/STM32_USB_Host_Library/Core/Src/usbh_core.o
 .text.USBH_LL_PortEnabled
                0x0800841e       0x1c ./Middlewares/ST/STM32_USB_Host_Library/Core/Src/usbh_core.o
                0x0800841e                USBH_LL_PortEnabled
 .text.USBH_LL_PortDisabled
                0x0800843a       0x24 ./Middlewares/ST/STM32_USB_Host_Library/Core/Src/usbh_core.o
                0x0800843a                USBH_LL_PortDisabled
 .text.USBH_LL_Connect
                0x0800845e       0x2e ./Middlewares/ST/STM32_USB_Host_Library/Core/Src/usbh_core.o
                0x0800845e                USBH_LL_Connect
 .text.USBH_LL_Disconnect
                0x0800848c       0x48 ./Middlewares/ST/STM32_USB_Host_Library/Core/Src/usbh_core.o
                0x0800848c                USBH_LL_Disconnect
 .text.USBH_Get_DevDesc
                0x080084d4       0x58 ./Middlewares/ST/STM32_USB_Host_Library/Core/Src/usbh_ctlreq.o
                0x080084d4                USBH_Get_DevDesc
 .text.USBH_Get_CfgDesc
                0x0800852c       0x54 ./Middlewares/ST/STM32_USB_Host_Library/Core/Src/usbh_ctlreq.o
                0x0800852c                USBH_Get_CfgDesc
 .text.USBH_Get_StringDesc
                0x08008580       0x68 ./Middlewares/ST/STM32_USB_Host_Library/Core/Src/usbh_ctlreq.o
                0x08008580                USBH_Get_StringDesc
 .text.USBH_GetDescriptor
                0x080085e8       0x6a ./Middlewares/ST/STM32_USB_Host_Library/Core/Src/usbh_ctlreq.o
                0x080085e8                USBH_GetDescriptor
 .text.USBH_SetAddress
                0x08008652       0x48 ./Middlewares/ST/STM32_USB_Host_Library/Core/Src/usbh_ctlreq.o
                0x08008652                USBH_SetAddress
 .text.USBH_SetCfg
                0x0800869a       0x46 ./Middlewares/ST/STM32_USB_Host_Library/Core/Src/usbh_ctlreq.o
                0x0800869a                USBH_SetCfg
 .text.USBH_SetFeature
                0x080086e0       0x48 ./Middlewares/ST/STM32_USB_Host_Library/Core/Src/usbh_ctlreq.o
                0x080086e0                USBH_SetFeature
 .text.USBH_ClrFeature
                0x08008728       0x48 ./Middlewares/ST/STM32_USB_Host_Library/Core/Src/usbh_ctlreq.o
                0x08008728                USBH_ClrFeature
 .text.USBH_ParseDevDesc
                0x08008770      0x160 ./Middlewares/ST/STM32_USB_Host_Library/Core/Src/usbh_ctlreq.o
 .text.USBH_ParseCfgDesc
                0x080088d0      0x1f8 ./Middlewares/ST/STM32_USB_Host_Library/Core/Src/usbh_ctlreq.o
 .text.USBH_ParseInterfaceDesc
                0x08008ac8       0x5e ./Middlewares/ST/STM32_USB_Host_Library/Core/Src/usbh_ctlreq.o
 .text.USBH_ParseEPDesc
                0x08008b26      0x1d0 ./Middlewares/ST/STM32_USB_Host_Library/Core/Src/usbh_ctlreq.o
 .text.USBH_ParseStringDesc
                0x08008cf6       0x66 ./Middlewares/ST/STM32_USB_Host_Library/Core/Src/usbh_ctlreq.o
 .text.USBH_GetNextDesc
                0x08008d5c       0x34 ./Middlewares/ST/STM32_USB_Host_Library/Core/Src/usbh_ctlreq.o
                0x08008d5c                USBH_GetNextDesc
 .text.USBH_CtlReq
                0x08008d90       0x7a ./Middlewares/ST/STM32_USB_Host_Library/Core/Src/usbh_ctlreq.o
                0x08008d90                USBH_CtlReq
 *fill*         0x08008e0a        0x2 
 .text.USBH_HandleControl
                0x08008e0c      0x2ec ./Middlewares/ST/STM32_USB_Host_Library/Core/Src/usbh_ctlreq.o
 .text.USBH_CtlSendSetup
                0x080090f8       0x34 ./Middlewares/ST/STM32_USB_Host_Library/Core/Src/usbh_ioreq.o
                0x080090f8                USBH_CtlSendSetup
 .text.USBH_CtlSendData
                0x0800912c       0x4a ./Middlewares/ST/STM32_USB_Host_Library/Core/Src/usbh_ioreq.o
                0x0800912c                USBH_CtlSendData
 .text.USBH_CtlReceiveData
                0x08009176       0x3c ./Middlewares/ST/STM32_USB_Host_Library/Core/Src/usbh_ioreq.o
                0x08009176                USBH_CtlReceiveData
 .text.USBH_BulkSendData
                0x080091b2       0x4a ./Middlewares/ST/STM32_USB_Host_Library/Core/Src/usbh_ioreq.o
                0x080091b2                USBH_BulkSendData
 .text.USBH_BulkReceiveData
                0x080091fc       0x3c ./Middlewares/ST/STM32_USB_Host_Library/Core/Src/usbh_ioreq.o
                0x080091fc                USBH_BulkReceiveData
 .text.USBH_OpenPipe
                0x08009238       0x3e ./Middlewares/ST/STM32_USB_Host_Library/Core/Src/usbh_pipes.o
                0x08009238                USBH_OpenPipe
 .text.USBH_ClosePipe
                0x08009276       0x20 ./Middlewares/ST/STM32_USB_Host_Library/Core/Src/usbh_pipes.o
                0x08009276                USBH_ClosePipe
 .text.USBH_AllocPipe
                0x08009296       0x42 ./Middlewares/ST/STM32_USB_Host_Library/Core/Src/usbh_pipes.o
                0x08009296                USBH_AllocPipe
 .text.USBH_FreePipe
                0x080092d8       0x3c ./Middlewares/ST/STM32_USB_Host_Library/Core/Src/usbh_pipes.o
                0x080092d8                USBH_FreePipe
 .text.USBH_GetFreePipe
                0x08009314       0x48 ./Middlewares/ST/STM32_USB_Host_Library/Core/Src/usbh_pipes.o
 .text.MX_USB_HOST_Init
                0x0800935c       0x4c ./USB_HOST/App/usb_host.o
                0x0800935c                MX_USB_HOST_Init
 .text.MX_USB_HOST_Process
                0x080093a8       0x14 ./USB_HOST/App/usb_host.o
                0x080093a8                MX_USB_HOST_Process
 .text.USBH_UserProcess
                0x080093bc       0x5c ./USB_HOST/App/usb_host.o
 .text.HAL_HCD_MspInit
                0x08009418       0xc4 ./USB_HOST/Target/usbh_conf.o
                0x08009418                HAL_HCD_MspInit
 .text.HAL_HCD_SOF_Callback
                0x080094dc       0x1c ./USB_HOST/Target/usbh_conf.o
                0x080094dc                HAL_HCD_SOF_Callback
 .text.HAL_HCD_Connect_Callback
                0x080094f8       0x1c ./USB_HOST/Target/usbh_conf.o
                0x080094f8                HAL_HCD_Connect_Callback
 .text.HAL_HCD_Disconnect_Callback
                0x08009514       0x1c ./USB_HOST/Target/usbh_conf.o
                0x08009514                HAL_HCD_Disconnect_Callback
 .text.HAL_HCD_HC_NotifyURBChange_Callback
                0x08009530       0x1c ./USB_HOST/Target/usbh_conf.o
                0x08009530                HAL_HCD_HC_NotifyURBChange_Callback
 .text.HAL_HCD_PortEnabled_Callback
                0x0800954c       0x1c ./USB_HOST/Target/usbh_conf.o
                0x0800954c                HAL_HCD_PortEnabled_Callback
 .text.HAL_HCD_PortDisabled_Callback
                0x08009568       0x1c ./USB_HOST/Target/usbh_conf.o
                0x08009568                HAL_HCD_PortDisabled_Callback
 .text.USBH_LL_Init
                0x08009584       0x78 ./USB_HOST/Target/usbh_conf.o
                0x08009584                USBH_LL_Init
 .text.USBH_LL_Start
                0x080095fc       0x36 ./USB_HOST/Target/usbh_conf.o
                0x080095fc                USBH_LL_Start
 .text.USBH_LL_Stop
                0x08009632       0x36 ./USB_HOST/Target/usbh_conf.o
                0x08009632                USBH_LL_Stop
 .text.USBH_LL_GetSpeed
                0x08009668       0x4e ./USB_HOST/Target/usbh_conf.o
                0x08009668                USBH_LL_GetSpeed
 .text.USBH_LL_ResetPort
                0x080096b6       0x36 ./USB_HOST/Target/usbh_conf.o
                0x080096b6                USBH_LL_ResetPort
 .text.USBH_LL_GetLastXferSize
                0x080096ec       0x26 ./USB_HOST/Target/usbh_conf.o
                0x080096ec                USBH_LL_GetLastXferSize
 .text.USBH_LL_OpenPipe
                0x08009712       0x5e ./USB_HOST/Target/usbh_conf.o
                0x08009712                USBH_LL_OpenPipe
 .text.USBH_LL_ClosePipe
                0x08009770       0x3e ./USB_HOST/Target/usbh_conf.o
                0x08009770                USBH_LL_ClosePipe
 .text.USBH_LL_SubmitURB
                0x080097ae       0x62 ./USB_HOST/Target/usbh_conf.o
                0x080097ae                USBH_LL_SubmitURB
 .text.USBH_LL_GetURBState
                0x08009810       0x26 ./USB_HOST/Target/usbh_conf.o
                0x08009810                USBH_LL_GetURBState
 .text.USBH_LL_DriverVBUS
                0x08009836       0x2e ./USB_HOST/Target/usbh_conf.o
                0x08009836                USBH_LL_DriverVBUS
 .text.USBH_LL_SetToggle
                0x08009864       0x66 ./USB_HOST/Target/usbh_conf.o
                0x08009864                USBH_LL_SetToggle
 .text.USBH_Delay
                0x080098ca       0x16 ./USB_HOST/Target/usbh_conf.o
                0x080098ca                USBH_Delay
 .text.USBH_Get_USB_Status
                0x080098e0       0x58 ./USB_HOST/Target/usbh_conf.o
                0x080098e0                USBH_Get_USB_Status
 .text.MX_DriverVbusFS
                0x08009938       0x38 ./USB_HOST/Target/usbh_platform.o
                0x08009938                MX_DriverVbusFS
 .text.malloc   0x08009970       0x10 /Applications/STM32CubeIDE.app/Contents/Eclipse/plugins/com.st.stm32cube.ide.mcu.externaltools.gnu-tools-for-stm32.13.3.rel1.macos64_1.0.0.202411102158/tools/bin/../lib/gcc/arm-none-eabi/13.3.1/../../../../arm-none-eabi/lib/thumb/v7e-m+fp/hard/libc_nano.a(libc_a-malloc.o)
                0x08009970                malloc
 .text.free     0x08009980       0x10 /Applications/STM32CubeIDE.app/Contents/Eclipse/plugins/com.st.stm32cube.ide.mcu.externaltools.gnu-tools-for-stm32.13.3.rel1.macos64_1.0.0.202411102158/tools/bin/../lib/gcc/arm-none-eabi/13.3.1/../../../../arm-none-eabi/lib/thumb/v7e-m+fp/hard/libc_nano.a(libc_a-malloc.o)
                0x08009980                free
 .text.sbrk_aligned
                0x08009990       0x44 /Applications/STM32CubeIDE.app/Contents/Eclipse/plugins/com.st.stm32cube.ide.mcu.externaltools.gnu-tools-for-stm32.13.3.rel1.macos64_1.0.0.202411102158/tools/bin/../lib/gcc/arm-none-eabi/13.3.1/../../../../arm-none-eabi/lib/thumb/v7e-m+fp/hard/libc_nano.a(libc_a-mallocr.o)
 .text._malloc_r
                0x080099d4      0x100 /Applications/STM32CubeIDE.app/Contents/Eclipse/plugins/com.st.stm32cube.ide.mcu.externaltools.gnu-tools-for-stm32.13.3.rel1.macos64_1.0.0.202411102158/tools/bin/../lib/gcc/arm-none-eabi/13.3.1/../../../../arm-none-eabi/lib/thumb/v7e-m+fp/hard/libc_nano.a(libc_a-mallocr.o)
                0x080099d4                _malloc_r
 .text.__malloc_lock
                0x08009ad4        0xc /Applications/STM32CubeIDE.app/Contents/Eclipse/plugins/com.st.stm32cube.ide.mcu.externaltools.gnu-tools-for-stm32.13.3.rel1.macos64_1.0.0.202411102158/tools/bin/../lib/gcc/arm-none-eabi/13.3.1/../../../../arm-none-eabi/lib/thumb/v7e-m+fp/hard/libc_nano.a(libc_a-mlock.o)
                0x08009ad4                __malloc_lock
 .text.__malloc_unlock
                0x08009ae0        0xc /Applications/STM32CubeIDE.app/Contents/Eclipse/plugins/com.st.stm32cube.ide.mcu.externaltools.gnu-tools-for-stm32.13.3.rel1.macos64_1.0.0.202411102158/tools/bin/../lib/gcc/arm-none-eabi/13.3.1/../../../../arm-none-eabi/lib/thumb/v7e-m+fp/hard/libc_nano.a(libc_a-mlock.o)
                0x08009ae0                __malloc_unlock
 .text.memset   0x08009aec       0x10 /Applications/STM32CubeIDE.app/Contents/Eclipse/plugins/com.st.stm32cube.ide.mcu.externaltools.gnu-tools-for-stm32.13.3.rel1.macos64_1.0.0.202411102158/tools/bin/../lib/gcc/arm-none-eabi/13.3.1/../../../../arm-none-eabi/lib/thumb/v7e-m+fp/hard/libc_nano.a(libc_a-memset.o)
                0x08009aec                memset
 .text._sbrk_r  0x08009afc       0x20 /Applications/STM32CubeIDE.app/Contents/Eclipse/plugins/com.st.stm32cube.ide.mcu.externaltools.gnu-tools-for-stm32.13.3.rel1.macos64_1.0.0.202411102158/tools/bin/../lib/gcc/arm-none-eabi/13.3.1/../../../../arm-none-eabi/lib/thumb/v7e-m+fp/hard/libc_nano.a(libc_a-sbrkr.o)
                0x08009afc                _sbrk_r
 .text.__errno  0x08009b1c        0xc /Applications/STM32CubeIDE.app/Contents/Eclipse/plugins/com.st.stm32cube.ide.mcu.externaltools.gnu-tools-for-stm32.13.3.rel1.macos64_1.0.0.202411102158/tools/bin/../lib/gcc/arm-none-eabi/13.3.1/../../../../arm-none-eabi/lib/thumb/v7e-m+fp/hard/libc_nano.a(libc_a-errno.o)
                0x08009b1c                __errno
 .text.__libc_init_array
                0x08009b28       0x48 /Applications/STM32CubeIDE.app/Contents/Eclipse/plugins/com.st.stm32cube.ide.mcu.externaltools.gnu-tools-for-stm32.13.3.rel1.macos64_1.0.0.202411102158/tools/bin/../lib/gcc/arm-none-eabi/13.3.1/../../../../arm-none-eabi/lib/thumb/v7e-m+fp/hard/libc_nano.a(libc_a-init.o)
                0x08009b28                __libc_init_array
 .text.__retarget_lock_acquire_recursive
                0x08009b70        0x2 /Applications/STM32CubeIDE.app/Contents/Eclipse/plugins/com.st.stm32cube.ide.mcu.externaltools.gnu-tools-for-stm32.13.3.rel1.macos64_1.0.0.202411102158/tools/bin/../lib/gcc/arm-none-eabi/13.3.1/../../../../arm-none-eabi/lib/thumb/v7e-m+fp/hard/libc_nano.a(libc_a-lock.o)
                0x08009b70                __retarget_lock_acquire_recursive
 .text.__retarget_lock_release_recursive
                0x08009b72        0x2 /Applications/STM32CubeIDE.app/Contents/Eclipse/plugins/com.st.stm32cube.ide.mcu.externaltools.gnu-tools-for-stm32.13.3.rel1.macos64_1.0.0.202411102158/tools/bin/../lib/gcc/arm-none-eabi/13.3.1/../../../../arm-none-eabi/lib/thumb/v7e-m+fp/hard/libc_nano.a(libc_a-lock.o)
                0x08009b72                __retarget_lock_release_recursive
 .text._free_r  0x08009b74       0x94 /Applications/STM32CubeIDE.app/Contents/Eclipse/plugins/com.st.stm32cube.ide.mcu.externaltools.gnu-tools-for-stm32.13.3.rel1.macos64_1.0.0.202411102158/tools/bin/../lib/gcc/arm-none-eabi/13.3.1/../../../../arm-none-eabi/lib/thumb/v7e-m+fp/hard/libc_nano.a(libc_a-freer.o)
                0x08009b74                _free_r
 *(.glue_7)
 .glue_7        0x08009c08        0x0 linker stubs
 *(.glue_7t)
 .glue_7t       0x08009c08        0x0 linker stubs
 *(.eh_frame)
 .eh_frame      0x08009c08        0x0 /Applications/STM32CubeIDE.app/Contents/Eclipse/plugins/com.st.stm32cube.ide.mcu.externaltools.gnu-tools-for-stm32.13.3.rel1.macos64_1.0.0.202411102158/tools/bin/../lib/gcc/arm-none-eabi/13.3.1/thumb/v7e-m+fp/hard/crtbegin.o
 *(.init)
 .init          0x08009c08        0x4 /Applications/STM32CubeIDE.app/Contents/Eclipse/plugins/com.st.stm32cube.ide.mcu.externaltools.gnu-tools-for-stm32.13.3.rel1.macos64_1.0.0.202411102158/tools/bin/../lib/gcc/arm-none-eabi/13.3.1/thumb/v7e-m+fp/hard/crti.o
                0x08009c08                _init
 .init          0x08009c0c        0x8 /Applications/STM32CubeIDE.app/Contents/Eclipse/plugins/com.st.stm32cube.ide.mcu.externaltools.gnu-tools-for-stm32.13.3.rel1.macos64_1.0.0.202411102158/tools/bin/../lib/gcc/arm-none-eabi/13.3.1/thumb/v7e-m+fp/hard/crtn.o
 *(.fini)
 .fini          0x08009c14        0x4 /Applications/STM32CubeIDE.app/Contents/Eclipse/plugins/com.st.stm32cube.ide.mcu.externaltools.gnu-tools-for-stm32.13.3.rel1.macos64_1.0.0.202411102158/tools/bin/../lib/gcc/arm-none-eabi/13.3.1/thumb/v7e-m+fp/hard/crti.o
                0x08009c14                _fini
 .fini          0x08009c18        0x8 /Applications/STM32CubeIDE.app/Contents/Eclipse/plugins/com.st.stm32cube.ide.mcu.externaltools.gnu-tools-for-stm32.13.3.rel1.macos64_1.0.0.202411102158/tools/bin/../lib/gcc/arm-none-eabi/13.3.1/thumb/v7e-m+fp/hard/crtn.o
                0x08009c20                        . = ALIGN (0x4)
                0x08009c20                        _etext = .

.vfp11_veneer   0x08009c20        0x0
 .vfp11_veneer  0x08009c20        0x0 linker stubs

.v4_bx          0x08009c20        0x0
 .v4_bx         0x08009c20        0x0 linker stubs

.iplt           0x08009c20        0x0
 .iplt          0x08009c20        0x0 /Applications/STM32CubeIDE.app/Contents/Eclipse/plugins/com.st.stm32cube.ide.mcu.externaltools.gnu-tools-for-stm32.13.3.rel1.macos64_1.0.0.202411102158/tools/bin/../lib/gcc/arm-none-eabi/13.3.1/thumb/v7e-m+fp/hard/crtbegin.o

.rodata         0x08009c20       0x1c
                0x08009c20                        . = ALIGN (0x4)
 *(.rodata)
 .rodata        0x08009c20        0x4 ./Middlewares/ST/STM32_USB_Host_Library/Class/CDC/Src/usbh_cdc.o
 *(.rodata*)
 .rodata.AHBPrescTable
                0x08009c24       0x10 ./Core/Src/system_stm32f4xx.o
                0x08009c24                AHBPrescTable
 .rodata.APBPrescTable
                0x08009c34        0x8 ./Core/Src/system_stm32f4xx.o
                0x08009c34                APBPrescTable
                0x08009c3c                        . = ALIGN (0x4)

.ARM.extab      0x08009c3c        0x0
                0x08009c3c                        . = ALIGN (0x4)
 *(.ARM.extab* .gnu.linkonce.armextab.*)
                0x08009c3c                        . = ALIGN (0x4)

.ARM            0x08009c3c        0x8
                0x08009c3c                        . = ALIGN (0x4)
                0x08009c3c                        __exidx_start = .
 *(.ARM.exidx*)
 .ARM.exidx     0x08009c3c        0x8 /Applications/STM32CubeIDE.app/Contents/Eclipse/plugins/com.st.stm32cube.ide.mcu.externaltools.gnu-tools-for-stm32.13.3.rel1.macos64_1.0.0.202411102158/tools/bin/../lib/gcc/arm-none-eabi/13.3.1/thumb/v7e-m+fp/hard/libgcc.a(_udivmoddi4.o)
                0x08009c44                        __exidx_end = .
                0x08009c44                        . = ALIGN (0x4)

.preinit_array  0x08009c44        0x0
                0x08009c44                        . = ALIGN (0x4)
                0x08009c44                        PROVIDE (__preinit_array_start = .)
 *(.preinit_array*)
                0x08009c44                        PROVIDE (__preinit_array_end = .)
                0x08009c44                        . = ALIGN (0x4)

.init_array     0x08009c44        0x4
                0x08009c44                        . = ALIGN (0x4)
                0x08009c44                        PROVIDE (__init_array_start = .)
 *(SORT_BY_NAME(.init_array.*))
 *(.init_array*)
 .init_array    0x08009c44        0x4 /Applications/STM32CubeIDE.app/Contents/Eclipse/plugins/com.st.stm32cube.ide.mcu.externaltools.gnu-tools-for-stm32.13.3.rel1.macos64_1.0.0.202411102158/tools/bin/../lib/gcc/arm-none-eabi/13.3.1/thumb/v7e-m+fp/hard/crtbegin.o
                0x08009c48                        PROVIDE (__init_array_end = .)
                0x08009c48                        . = ALIGN (0x4)

.fini_array     0x08009c48        0x4
                0x08009c48                        . = ALIGN (0x4)
                [!provide]                        PROVIDE (__fini_array_start = .)
 *(SORT_BY_NAME(.fini_array.*))
 *(.fini_array*)
 .fini_array    0x08009c48        0x4 /Applications/STM32CubeIDE.app/Contents/Eclipse/plugins/com.st.stm32cube.ide.mcu.externaltools.gnu-tools-for-stm32.13.3.rel1.macos64_1.0.0.202411102158/tools/bin/../lib/gcc/arm-none-eabi/13.3.1/thumb/v7e-m+fp/hard/crtbegin.o
                [!provide]                        PROVIDE (__fini_array_end = .)
                0x08009c4c                        . = ALIGN (0x4)
                0x08009c4c                        _sidata = LOADADDR (.data)

.rel.dyn        0x08009c4c        0x0
 .rel.iplt      0x08009c4c        0x0 /Applications/STM32CubeIDE.app/Contents/Eclipse/plugins/com.st.stm32cube.ide.mcu.externaltools.gnu-tools-for-stm32.13.3.rel1.macos64_1.0.0.202411102158/tools/bin/../lib/gcc/arm-none-eabi/13.3.1/thumb/v7e-m+fp/hard/crtbegin.o

.data           0x20000000       0x7c load address 0x08009c4c
                0x20000000                        . = ALIGN (0x4)
                0x20000000                        _sdata = .
 *(.data)
 *(.data*)
 .data.SystemCoreClock
                0x20000000        0x4 ./Core/Src/system_stm32f4xx.o
                0x20000000                SystemCoreClock
 .data.uwTickPrio
                0x20000004        0x4 ./Drivers/STM32F4xx_HAL_Driver/Src/stm32f4xx_hal.o
                0x20000004                uwTickPrio
 .data.uwTickFreq
                0x20000008        0x1 ./Drivers/STM32F4xx_HAL_Driver/Src/stm32f4xx_hal.o
                0x20000008                uwTickFreq
 *fill*         0x20000009        0x3 
 .data.CDC_Class
                0x2000000c       0x20 ./Middlewares/ST/STM32_USB_Host_Library/Class/CDC/Src/usbh_cdc.o
                0x2000000c                CDC_Class
 .data._impure_ptr
                0x2000002c        0x4 /Applications/STM32CubeIDE.app/Contents/Eclipse/plugins/com.st.stm32cube.ide.mcu.externaltools.gnu-tools-for-stm32.13.3.rel1.macos64_1.0.0.202411102158/tools/bin/../lib/gcc/arm-none-eabi/13.3.1/../../../../arm-none-eabi/lib/thumb/v7e-m+fp/hard/libc_nano.a(libc_a-impure.o)
                0x2000002c                _impure_ptr
 .data._impure_data
                0x20000030       0x4c /Applications/STM32CubeIDE.app/Contents/Eclipse/plugins/com.st.stm32cube.ide.mcu.externaltools.gnu-tools-for-stm32.13.3.rel1.macos64_1.0.0.202411102158/tools/bin/../lib/gcc/arm-none-eabi/13.3.1/../../../../arm-none-eabi/lib/thumb/v7e-m+fp/hard/libc_nano.a(libc_a-impure.o)
                0x20000030                _impure_data
 *(.RamFunc)
 *(.RamFunc*)
                0x2000007c                        . = ALIGN (0x4)
                0x2000007c                        _edata = .
                0x08009cc8                        _siccmram = LOADADDR (.ccmram)

.igot.plt       0x2000007c        0x0 load address 0x08009cc8
 .igot.plt      0x2000007c        0x0 /Applications/STM32CubeIDE.app/Contents/Eclipse/plugins/com.st.stm32cube.ide.mcu.externaltools.gnu-tools-for-stm32.13.3.rel1.macos64_1.0.0.202411102158/tools/bin/../lib/gcc/arm-none-eabi/13.3.1/thumb/v7e-m+fp/hard/crtbegin.o

.ccmram         0x10000000        0x0 load address 0x08009cc8
                0x10000000                        . = ALIGN (0x4)
                0x10000000                        _sccmram = .
 *(.ccmram)
 *(.ccmram*)
                0x10000000                        . = ALIGN (0x4)
                0x10000000                        _eccmram = .
                0x10000000                        . = ALIGN (0x4)

.bss            0x2000007c      0xa64
                0x2000007c                        _sbss = .
                0x2000007c                        __bss_start__ = _sbss
 *(.bss)
 .bss           0x2000007c       0x1c /Applications/STM32CubeIDE.app/Contents/Eclipse/plugins/com.st.stm32cube.ide.mcu.externaltools.gnu-tools-for-stm32.13.3.rel1.macos64_1.0.0.202411102158/tools/bin/../lib/gcc/arm-none-eabi/13.3.1/thumb/v7e-m+fp/hard/crtbegin.o
 *(.bss*)
 .bss.hi2c1     0x20000098       0x54 ./Core/Src/main.o
                0x20000098                hi2c1
 .bss.hi2s3     0x200000ec       0x48 ./Core/Src/main.o
                0x200000ec                hi2s3
 .bss.hspi1     0x20000134       0x58 ./Core/Src/main.o
                0x20000134                hspi1
 .bss.htim4     0x2000018c       0x48 ./Core/Src/main.o
                0x2000018c                htim4
 .bss.__sbrk_heap_end
                0x200001d4        0x4 ./Core/Src/sysmem.o
 .bss.uwTick    0x200001d8        0x4 ./Drivers/STM32F4xx_HAL_Driver/Src/stm32f4xx_hal.o
                0x200001d8                uwTick
 .bss.hUsbHostFS
                0x200001dc      0x3d8 ./USB_HOST/App/usb_host.o
                0x200001dc                hUsbHostFS
 .bss.Appli_state
                0x200005b4        0x1 ./USB_HOST/App/usb_host.o
                0x200005b4                Appli_state
 *fill*         0x200005b5        0x3 
 .bss.hhcd_USB_OTG_FS
                0x200005b8      0x3e0 ./USB_HOST/Target/usbh_conf.o
                0x200005b8                hhcd_USB_OTG_FS
 .bss.__malloc_sbrk_start
                0x20000998        0x4 /Applications/STM32CubeIDE.app/Contents/Eclipse/plugins/com.st.stm32cube.ide.mcu.externaltools.gnu-tools-for-stm32.13.3.rel1.macos64_1.0.0.202411102158/tools/bin/../lib/gcc/arm-none-eabi/13.3.1/../../../../arm-none-eabi/lib/thumb/v7e-m+fp/hard/libc_nano.a(libc_a-mallocr.o)
                0x20000998                __malloc_sbrk_start
 .bss.__malloc_free_list
                0x2000099c        0x4 /Applications/STM32CubeIDE.app/Contents/Eclipse/plugins/com.st.stm32cube.ide.mcu.externaltools.gnu-tools-for-stm32.13.3.rel1.macos64_1.0.0.202411102158/tools/bin/../lib/gcc/arm-none-eabi/13.3.1/../../../../arm-none-eabi/lib/thumb/v7e-m+fp/hard/libc_nano.a(libc_a-mallocr.o)
                0x2000099c                __malloc_free_list
 .bss.__sf      0x200009a0      0x138 /Applications/STM32CubeIDE.app/Contents/Eclipse/plugins/com.st.stm32cube.ide.mcu.externaltools.gnu-tools-for-stm32.13.3.rel1.macos64_1.0.0.202411102158/tools/bin/../lib/gcc/arm-none-eabi/13.3.1/../../../../arm-none-eabi/lib/thumb/v7e-m+fp/hard/libc_nano.a(libc_a-findfp.o)
                0x200009a0                __sf
 .bss.__lock___malloc_recursive_mutex
                0x20000ad8        0x1 /Applications/STM32CubeIDE.app/Contents/Eclipse/plugins/com.st.stm32cube.ide.mcu.externaltools.gnu-tools-for-stm32.13.3.rel1.macos64_1.0.0.202411102158/tools/bin/../lib/gcc/arm-none-eabi/13.3.1/../../../../arm-none-eabi/lib/thumb/v7e-m+fp/hard/libc_nano.a(libc_a-lock.o)
                0x20000ad8                __lock___malloc_recursive_mutex
 *fill*         0x20000ad9        0x3 
 .bss.errno     0x20000adc        0x4 /Applications/STM32CubeIDE.app/Contents/Eclipse/plugins/com.st.stm32cube.ide.mcu.externaltools.gnu-tools-for-stm32.13.3.rel1.macos64_1.0.0.202411102158/tools/bin/../lib/gcc/arm-none-eabi/13.3.1/../../../../arm-none-eabi/lib/thumb/v7e-m+fp/hard/libc_nano.a(libc_a-reent.o)
                0x20000adc                errno
 *(COMMON)
                0x20000ae0                        . = ALIGN (0x4)
                0x20000ae0                        _ebss = .
                0x20000ae0                        __bss_end__ = _ebss

._user_heap_stack
                0x20000ae0      0x600
                0x20000ae0                        . = ALIGN (0x8)
                [!provide]                        PROVIDE (end = .)
                0x20000ae0                        PROVIDE (_end = .)
                0x20000ce0                        . = (. + _Min_Heap_Size)
 *fill*         0x20000ae0      0x200 
                0x200010e0                        . = (. + _Min_Stack_Size)
 *fill*         0x20000ce0      0x400 
                0x200010e0                        . = ALIGN (0x8)

/DISCARD/
 libc.a(*)
 libm.a(*)
 libgcc.a(*)

.ARM.attributes
                0x00000000       0x30
 *(.ARM.attributes)
 .ARM.attributes
                0x00000000       0x22 /Applications/STM32CubeIDE.app/Contents/Eclipse/plugins/com.st.stm32cube.ide.mcu.externaltools.gnu-tools-for-stm32.13.3.rel1.macos64_1.0.0.202411102158/tools/bin/../lib/gcc/arm-none-eabi/13.3.1/thumb/v7e-m+fp/hard/crti.o
 .ARM.attributes
                0x00000022       0x34 /Applications/STM32CubeIDE.app/Contents/Eclipse/plugins/com.st.stm32cube.ide.mcu.externaltools.gnu-tools-for-stm32.13.3.rel1.macos64_1.0.0.202411102158/tools/bin/../lib/gcc/arm-none-eabi/13.3.1/thumb/v7e-m+fp/hard/crtbegin.o
 .ARM.attributes
                0x00000056       0x34 ./Core/Src/main.o
 .ARM.attributes
                0x0000008a       0x34 ./Core/Src/stm32f4xx_hal_msp.o
 .ARM.attributes
                0x000000be       0x34 ./Core/Src/stm32f4xx_it.o
 .ARM.attributes
                0x000000f2       0x34 ./Core/Src/sysmem.o
 .ARM.attributes
                0x00000126       0x34 ./Core/Src/system_stm32f4xx.o
 .ARM.attributes
                0x0000015a       0x21 ./Core/Startup/startup_stm32f407vgtx.o
 .ARM.attributes
                0x0000017b       0x34 ./Drivers/STM32F4xx_HAL_Driver/Src/stm32f4xx_hal.o
 .ARM.attributes
                0x000001af       0x34 ./Drivers/STM32F4xx_HAL_Driver/Src/stm32f4xx_hal_cortex.o
 .ARM.attributes
                0x000001e3       0x34 ./Drivers/STM32F4xx_HAL_Driver/Src/stm32f4xx_hal_gpio.o
 .ARM.attributes
                0x00000217       0x34 ./Drivers/STM32F4xx_HAL_Driver/Src/stm32f4xx_hal_hcd.o
 .ARM.attributes
                0x0000024b       0x34 ./Drivers/STM32F4xx_HAL_Driver/Src/stm32f4xx_hal_i2c.o
 .ARM.attributes
                0x0000027f       0x34 ./Drivers/STM32F4xx_HAL_Driver/Src/stm32f4xx_hal_i2s.o
 .ARM.attributes
                0x000002b3       0x34 ./Drivers/STM32F4xx_HAL_Driver/Src/stm32f4xx_hal_i2s_ex.o
 .ARM.attributes
                0x000002e7       0x34 ./Drivers/STM32F4xx_HAL_Driver/Src/stm32f4xx_hal_rcc.o
 .ARM.attributes
                0x0000031b       0x34 ./Drivers/STM32F4xx_HAL_Driver/Src/stm32f4xx_hal_rcc_ex.o
 .ARM.attributes
                0x0000034f       0x34 ./Drivers/STM32F4xx_HAL_Driver/Src/stm32f4xx_hal_spi.o
 .ARM.attributes
                0x00000383       0x34 ./Drivers/STM32F4xx_HAL_Driver/Src/stm32f4xx_hal_tim.o
 .ARM.attributes
                0x000003b7       0x34 ./Drivers/STM32F4xx_HAL_Driver/Src/stm32f4xx_hal_tim_ex.o
 .ARM.attributes
                0x000003eb       0x34 ./Drivers/STM32F4xx_HAL_Driver/Src/stm32f4xx_ll_usb.o
 .ARM.attributes
                0x0000041f       0x34 ./Middlewares/ST/STM32_USB_Host_Library/Class/CDC/Src/usbh_cdc.o
 .ARM.attributes
                0x00000453       0x34 ./Middlewares/ST/STM32_USB_Host_Library/Core/Src/usbh_core.o
 .ARM.attributes
                0x00000487       0x34 ./Middlewares/ST/STM32_USB_Host_Library/Core/Src/usbh_ctlreq.o
 .ARM.attributes
                0x000004bb       0x34 ./Middlewares/ST/STM32_USB_Host_Library/Core/Src/usbh_ioreq.o
 .ARM.attributes
                0x000004ef       0x34 ./Middlewares/ST/STM32_USB_Host_Library/Core/Src/usbh_pipes.o
 .ARM.attributes
                0x00000523       0x34 ./USB_HOST/App/usb_host.o
 .ARM.attributes
                0x00000557       0x34 ./USB_HOST/Target/usbh_conf.o
 .ARM.attributes
                0x0000058b       0x34 ./USB_HOST/Target/usbh_platform.o
 .ARM.attributes
                0x000005bf       0x34 /Applications/STM32CubeIDE.app/Contents/Eclipse/plugins/com.st.stm32cube.ide.mcu.externaltools.gnu-tools-for-stm32.13.3.rel1.macos64_1.0.0.202411102158/tools/bin/../lib/gcc/arm-none-eabi/13.3.1/../../../../arm-none-eabi/lib/thumb/v7e-m+fp/hard/libc_nano.a(libc_a-malloc.o)
 .ARM.attributes
                0x000005f3       0x34 /Applications/STM32CubeIDE.app/Contents/Eclipse/plugins/com.st.stm32cube.ide.mcu.externaltools.gnu-tools-for-stm32.13.3.rel1.macos64_1.0.0.202411102158/tools/bin/../lib/gcc/arm-none-eabi/13.3.1/../../../../arm-none-eabi/lib/thumb/v7e-m+fp/hard/libc_nano.a(libc_a-mallocr.o)
 .ARM.attributes
                0x00000627       0x34 /Applications/STM32CubeIDE.app/Contents/Eclipse/plugins/com.st.stm32cube.ide.mcu.externaltools.gnu-tools-for-stm32.13.3.rel1.macos64_1.0.0.202411102158/tools/bin/../lib/gcc/arm-none-eabi/13.3.1/../../../../arm-none-eabi/lib/thumb/v7e-m+fp/hard/libc_nano.a(libc_a-mlock.o)
 .ARM.attributes
                0x0000065b       0x34 /Applications/STM32CubeIDE.app/Contents/Eclipse/plugins/com.st.stm32cube.ide.mcu.externaltools.gnu-tools-for-stm32.13.3.rel1.macos64_1.0.0.202411102158/tools/bin/../lib/gcc/arm-none-eabi/13.3.1/../../../../arm-none-eabi/lib/thumb/v7e-m+fp/hard/libc_nano.a(libc_a-findfp.o)
 .ARM.attributes
                0x0000068f       0x34 /Applications/STM32CubeIDE.app/Contents/Eclipse/plugins/com.st.stm32cube.ide.mcu.externaltools.gnu-tools-for-stm32.13.3.rel1.macos64_1.0.0.202411102158/tools/bin/../lib/gcc/arm-none-eabi/13.3.1/../../../../arm-none-eabi/lib/thumb/v7e-m+fp/hard/libc_nano.a(libc_a-memset.o)
 .ARM.attributes
                0x000006c3       0x34 /Applications/STM32CubeIDE.app/Contents/Eclipse/plugins/com.st.stm32cube.ide.mcu.externaltools.gnu-tools-for-stm32.13.3.rel1.macos64_1.0.0.202411102158/tools/bin/../lib/gcc/arm-none-eabi/13.3.1/../../../../arm-none-eabi/lib/thumb/v7e-m+fp/hard/libc_nano.a(libc_a-sbrkr.o)
 .ARM.attributes
                0x000006f7       0x34 /Applications/STM32CubeIDE.app/Contents/Eclipse/plugins/com.st.stm32cube.ide.mcu.externaltools.gnu-tools-for-stm32.13.3.rel1.macos64_1.0.0.202411102158/tools/bin/../lib/gcc/arm-none-eabi/13.3.1/../../../../arm-none-eabi/lib/thumb/v7e-m+fp/hard/libc_nano.a(libc_a-errno.o)
 .ARM.attributes
                0x0000072b       0x34 /Applications/STM32CubeIDE.app/Contents/Eclipse/plugins/com.st.stm32cube.ide.mcu.externaltools.gnu-tools-for-stm32.13.3.rel1.macos64_1.0.0.202411102158/tools/bin/../lib/gcc/arm-none-eabi/13.3.1/../../../../arm-none-eabi/lib/thumb/v7e-m+fp/hard/libc_nano.a(libc_a-init.o)
 .ARM.attributes
                0x0000075f       0x34 /Applications/STM32CubeIDE.app/Contents/Eclipse/plugins/com.st.stm32cube.ide.mcu.externaltools.gnu-tools-for-stm32.13.3.rel1.macos64_1.0.0.202411102158/tools/bin/../lib/gcc/arm-none-eabi/13.3.1/../../../../arm-none-eabi/lib/thumb/v7e-m+fp/hard/libc_nano.a(libc_a-lock.o)
 .ARM.attributes
                0x00000793       0x34 /Applications/STM32CubeIDE.app/Contents/Eclipse/plugins/com.st.stm32cube.ide.mcu.externaltools.gnu-tools-for-stm32.13.3.rel1.macos64_1.0.0.202411102158/tools/bin/../lib/gcc/arm-none-eabi/13.3.1/../../../../arm-none-eabi/lib/thumb/v7e-m+fp/hard/libc_nano.a(libc_a-reent.o)
 .ARM.attributes
                0x000007c7       0x34 /Applications/STM32CubeIDE.app/Contents/Eclipse/plugins/com.st.stm32cube.ide.mcu.externaltools.gnu-tools-for-stm32.13.3.rel1.macos64_1.0.0.202411102158/tools/bin/../lib/gcc/arm-none-eabi/13.3.1/../../../../arm-none-eabi/lib/thumb/v7e-m+fp/hard/libc_nano.a(libc_a-impure.o)
 .ARM.attributes
                0x000007fb       0x34 /Applications/STM32CubeIDE.app/Contents/Eclipse/plugins/com.st.stm32cube.ide.mcu.externaltools.gnu-tools-for-stm32.13.3.rel1.macos64_1.0.0.202411102158/tools/bin/../lib/gcc/arm-none-eabi/13.3.1/../../../../arm-none-eabi/lib/thumb/v7e-m+fp/hard/libc_nano.a(libc_a-freer.o)
 .ARM.attributes
                0x0000082f       0x22 /Applications/STM32CubeIDE.app/Contents/Eclipse/plugins/com.st.stm32cube.ide.mcu.externaltools.gnu-tools-for-stm32.13.3.rel1.macos64_1.0.0.202411102158/tools/bin/../lib/gcc/arm-none-eabi/13.3.1/thumb/v7e-m+fp/hard/libgcc.a(_aeabi_uldivmod.o)
 .ARM.attributes
                0x00000851       0x34 /Applications/STM32CubeIDE.app/Contents/Eclipse/plugins/com.st.stm32cube.ide.mcu.externaltools.gnu-tools-for-stm32.13.3.rel1.macos64_1.0.0.202411102158/tools/bin/../lib/gcc/arm-none-eabi/13.3.1/thumb/v7e-m+fp/hard/libgcc.a(_udivmoddi4.o)
 .ARM.attributes
                0x00000885       0x22 /Applications/STM32CubeIDE.app/Contents/Eclipse/plugins/com.st.stm32cube.ide.mcu.externaltools.gnu-tools-for-stm32.13.3.rel1.macos64_1.0.0.202411102158/tools/bin/../lib/gcc/arm-none-eabi/13.3.1/thumb/v7e-m+fp/hard/libgcc.a(_dvmd_tls.o)
 .ARM.attributes
                0x000008a7       0x22 /Applications/STM32CubeIDE.app/Contents/Eclipse/plugins/com.st.stm32cube.ide.mcu.externaltools.gnu-tools-for-stm32.13.3.rel1.macos64_1.0.0.202411102158/tools/bin/../lib/gcc/arm-none-eabi/13.3.1/thumb/v7e-m+fp/hard/crtn.o
OUTPUT(desafio_pwm.elf elf32-littlearm)
LOAD linker stubs
LOAD /Applications/STM32CubeIDE.app/Contents/Eclipse/plugins/com.st.stm32cube.ide.mcu.externaltools.gnu-tools-for-stm32.13.3.rel1.macos64_1.0.0.202411102158/tools/bin/../lib/gcc/arm-none-eabi/13.3.1/../../../../arm-none-eabi/lib/thumb/v7e-m+fp/hard/libc.a
LOAD /Applications/STM32CubeIDE.app/Contents/Eclipse/plugins/com.st.stm32cube.ide.mcu.externaltools.gnu-tools-for-stm32.13.3.rel1.macos64_1.0.0.202411102158/tools/bin/../lib/gcc/arm-none-eabi/13.3.1/../../../../arm-none-eabi/lib/thumb/v7e-m+fp/hard/libm.a
LOAD /Applications/STM32CubeIDE.app/Contents/Eclipse/plugins/com.st.stm32cube.ide.mcu.externaltools.gnu-tools-for-stm32.13.3.rel1.macos64_1.0.0.202411102158/tools/bin/../lib/gcc/arm-none-eabi/13.3.1/thumb/v7e-m+fp/hard/libgcc.a

.debug_info     0x00000000    0x192d1
 .debug_info    0x00000000     0x1797 ./Core/Src/main.o
 .debug_info    0x00001797     0x13a8 ./Core/Src/stm32f4xx_hal_msp.o
 .debug_info    0x00002b3f      0x6a5 ./Core/Src/stm32f4xx_it.o
 .debug_info    0x000031e4      0x168 ./Core/Src/sysmem.o
 .debug_info    0x0000334c      0x512 ./Core/Src/system_stm32f4xx.o
 .debug_info    0x0000385e       0x30 ./Core/Startup/startup_stm32f407vgtx.o
 .debug_info    0x0000388e      0x944 ./Drivers/STM32F4xx_HAL_Driver/Src/stm32f4xx_hal.o
 .debug_info    0x000041d2      0xd8c ./Drivers/STM32F4xx_HAL_Driver/Src/stm32f4xx_hal_cortex.o
 .debug_info    0x00004f5e      0x6c3 ./Drivers/STM32F4xx_HAL_Driver/Src/stm32f4xx_hal_gpio.o
 .debug_info    0x00005621     0x114c ./Drivers/STM32F4xx_HAL_Driver/Src/stm32f4xx_hal_hcd.o
 .debug_info    0x0000676d     0x2415 ./Drivers/STM32F4xx_HAL_Driver/Src/stm32f4xx_hal_i2c.o
 .debug_info    0x00008b82      0xe02 ./Drivers/STM32F4xx_HAL_Driver/Src/stm32f4xx_hal_i2s.o
 .debug_info    0x00009984      0xaae ./Drivers/STM32F4xx_HAL_Driver/Src/stm32f4xx_hal_i2s_ex.o
 .debug_info    0x0000a432      0x8c3 ./Drivers/STM32F4xx_HAL_Driver/Src/stm32f4xx_hal_rcc.o
 .debug_info    0x0000acf5      0x536 ./Drivers/STM32F4xx_HAL_Driver/Src/stm32f4xx_hal_rcc_ex.o
 .debug_info    0x0000b22b     0x1525 ./Drivers/STM32F4xx_HAL_Driver/Src/stm32f4xx_hal_spi.o
 .debug_info    0x0000c750     0x299d ./Drivers/STM32F4xx_HAL_Driver/Src/stm32f4xx_hal_tim.o
 .debug_info    0x0000f0ed     0x14db ./Drivers/STM32F4xx_HAL_Driver/Src/stm32f4xx_hal_tim_ex.o
 .debug_info    0x000105c8     0x1993 ./Drivers/STM32F4xx_HAL_Driver/Src/stm32f4xx_ll_usb.o
 .debug_info    0x00011f5b     0x1479 ./Middlewares/ST/STM32_USB_Host_Library/Class/CDC/Src/usbh_cdc.o
 .debug_info    0x000133d4      0xfb5 ./Middlewares/ST/STM32_USB_Host_Library/Core/Src/usbh_core.o
 .debug_info    0x00014389      0xfaf ./Middlewares/ST/STM32_USB_Host_Library/Core/Src/usbh_ctlreq.o
 .debug_info    0x00015338      0xc2e ./Middlewares/ST/STM32_USB_Host_Library/Core/Src/usbh_ioreq.o
 .debug_info    0x00015f66      0xa91 ./Middlewares/ST/STM32_USB_Host_Library/Core/Src/usbh_pipes.o
 .debug_info    0x000169f7      0xa13 ./USB_HOST/App/usb_host.o
 .debug_info    0x0001740a     0x1cef ./USB_HOST/Target/usbh_conf.o
 .debug_info    0x000190f9      0x1d8 ./USB_HOST/Target/usbh_platform.o

.debug_abbrev   0x00000000     0x3dcc
 .debug_abbrev  0x00000000      0x2b8 ./Core/Src/main.o
 .debug_abbrev  0x000002b8      0x25d ./Core/Src/stm32f4xx_hal_msp.o
 .debug_abbrev  0x00000515      0x1a4 ./Core/Src/stm32f4xx_it.o
 .debug_abbrev  0x000006b9       0xbc ./Core/Src/sysmem.o
 .debug_abbrev  0x00000775      0x11a ./Core/Src/system_stm32f4xx.o
 .debug_abbrev  0x0000088f       0x24 ./Core/Startup/startup_stm32f407vgtx.o
 .debug_abbrev  0x000008b3      0x214 ./Drivers/STM32F4xx_HAL_Driver/Src/stm32f4xx_hal.o
 .debug_abbrev  0x00000ac7      0x31d ./Drivers/STM32F4xx_HAL_Driver/Src/stm32f4xx_hal_cortex.o
 .debug_abbrev  0x00000de4      0x1d4 ./Drivers/STM32F4xx_HAL_Driver/Src/stm32f4xx_hal_gpio.o
 .debug_abbrev  0x00000fb8      0x296 ./Drivers/STM32F4xx_HAL_Driver/Src/stm32f4xx_hal_hcd.o
 .debug_abbrev  0x0000124e      0x2ad ./Drivers/STM32F4xx_HAL_Driver/Src/stm32f4xx_hal_i2c.o
 .debug_abbrev  0x000014fb      0x25d ./Drivers/STM32F4xx_HAL_Driver/Src/stm32f4xx_hal_i2s.o
 .debug_abbrev  0x00001758      0x276 ./Drivers/STM32F4xx_HAL_Driver/Src/stm32f4xx_hal_i2s_ex.o
 .debug_abbrev  0x000019ce      0x2b7 ./Drivers/STM32F4xx_HAL_Driver/Src/stm32f4xx_hal_rcc.o
 .debug_abbrev  0x00001c85      0x1b0 ./Drivers/STM32F4xx_HAL_Driver/Src/stm32f4xx_hal_rcc_ex.o
 .debug_abbrev  0x00001e35      0x27a ./Drivers/STM32F4xx_HAL_Driver/Src/stm32f4xx_hal_spi.o
 .debug_abbrev  0x000020af      0x278 ./Drivers/STM32F4xx_HAL_Driver/Src/stm32f4xx_hal_tim.o
 .debug_abbrev  0x00002327      0x283 ./Drivers/STM32F4xx_HAL_Driver/Src/stm32f4xx_hal_tim_ex.o
 .debug_abbrev  0x000025aa      0x2b3 ./Drivers/STM32F4xx_HAL_Driver/Src/stm32f4xx_ll_usb.o
 .debug_abbrev  0x0000285d      0x33c ./Middlewares/ST/STM32_USB_Host_Library/Class/CDC/Src/usbh_cdc.o
 .debug_abbrev  0x00002b99      0x32a ./Middlewares/ST/STM32_USB_Host_Library/Core/Src/usbh_core.o
 .debug_abbrev  0x00002ec3      0x2ff ./Middlewares/ST/STM32_USB_Host_Library/Core/Src/usbh_ctlreq.o
 .debug_abbrev  0x000031c2      0x245 ./Middlewares/ST/STM32_USB_Host_Library/Core/Src/usbh_ioreq.o
 .debug_abbrev  0x00003407      0x281 ./Middlewares/ST/STM32_USB_Host_Library/Core/Src/usbh_pipes.o
 .debug_abbrev  0x00003688      0x26e ./USB_HOST/App/usb_host.o
 .debug_abbrev  0x000038f6      0x3c2 ./USB_HOST/Target/usbh_conf.o
 .debug_abbrev  0x00003cb8      0x114 ./USB_HOST/Target/usbh_platform.o

.debug_aranges  0x00000000     0x16d0
 .debug_aranges
                0x00000000       0x90 ./Core/Src/main.o
 .debug_aranges
                0x00000090       0x68 ./Core/Src/stm32f4xx_hal_msp.o
 .debug_aranges
                0x000000f8       0x68 ./Core/Src/stm32f4xx_it.o
 .debug_aranges
                0x00000160       0x20 ./Core/Src/sysmem.o
 .debug_aranges
                0x00000180       0x28 ./Core/Src/system_stm32f4xx.o
 .debug_aranges
                0x000001a8       0x28 ./Core/Startup/startup_stm32f407vgtx.o
 .debug_aranges
                0x000001d0       0xf0 ./Drivers/STM32F4xx_HAL_Driver/Src/stm32f4xx_hal.o
 .debug_aranges
                0x000002c0      0x130 ./Drivers/STM32F4xx_HAL_Driver/Src/stm32f4xx_hal_cortex.o
 .debug_aranges
                0x000003f0       0x58 ./Drivers/STM32F4xx_HAL_Driver/Src/stm32f4xx_hal_gpio.o
 .debug_aranges
                0x00000448      0x108 ./Drivers/STM32F4xx_HAL_Driver/Src/stm32f4xx_hal_hcd.o
 .debug_aranges
                0x00000550      0x2a8 ./Drivers/STM32F4xx_HAL_Driver/Src/stm32f4xx_hal_i2c.o
 .debug_aranges
                0x000007f8      0x108 ./Drivers/STM32F4xx_HAL_Driver/Src/stm32f4xx_hal_i2s.o
 .debug_aranges
                0x00000900       0x88 ./Drivers/STM32F4xx_HAL_Driver/Src/stm32f4xx_hal_i2s_ex.o
 .debug_aranges
                0x00000988       0x88 ./Drivers/STM32F4xx_HAL_Driver/Src/stm32f4xx_hal_rcc.o
 .debug_aranges
                0x00000a10       0x48 ./Drivers/STM32F4xx_HAL_Driver/Src/stm32f4xx_hal_rcc_ex.o
 .debug_aranges
                0x00000a58      0x1d0 ./Drivers/STM32F4xx_HAL_Driver/Src/stm32f4xx_hal_spi.o
 .debug_aranges
                0x00000c28      0x3d0 ./Drivers/STM32F4xx_HAL_Driver/Src/stm32f4xx_hal_tim.o
 .debug_aranges
                0x00000ff8      0x168 ./Drivers/STM32F4xx_HAL_Driver/Src/stm32f4xx_hal_tim_ex.o
 .debug_aranges
                0x00001160      0x1a0 ./Drivers/STM32F4xx_HAL_Driver/Src/stm32f4xx_ll_usb.o
 .debug_aranges
                0x00001300       0xa8 ./Middlewares/ST/STM32_USB_Host_Library/Class/CDC/Src/usbh_cdc.o
 .debug_aranges
                0x000013a8       0xc0 ./Middlewares/ST/STM32_USB_Host_Library/Core/Src/usbh_core.o
 .debug_aranges
                0x00001468       0xa0 ./Middlewares/ST/STM32_USB_Host_Library/Core/Src/usbh_ctlreq.o
 .debug_aranges
                0x00001508       0x60 ./Middlewares/ST/STM32_USB_Host_Library/Core/Src/usbh_ioreq.o
 .debug_aranges
                0x00001568       0x40 ./Middlewares/ST/STM32_USB_Host_Library/Core/Src/usbh_pipes.o
 .debug_aranges
                0x000015a8       0x30 ./USB_HOST/App/usb_host.o
 .debug_aranges
                0x000015d8       0xd8 ./USB_HOST/Target/usbh_conf.o
 .debug_aranges
                0x000016b0       0x20 ./USB_HOST/Target/usbh_platform.o

.debug_rnglists
                0x00000000     0x11a1
 .debug_rnglists
                0x00000000       0x6a ./Core/Src/main.o
 .debug_rnglists
                0x0000006a       0x4c ./Core/Src/stm32f4xx_hal_msp.o
 .debug_rnglists
                0x000000b6       0x49 ./Core/Src/stm32f4xx_it.o
 .debug_rnglists
                0x000000ff       0x13 ./Core/Src/sysmem.o
 .debug_rnglists
                0x00000112       0x1a ./Core/Src/system_stm32f4xx.o
 .debug_rnglists
                0x0000012c       0x19 ./Core/Startup/startup_stm32f407vgtx.o
 .debug_rnglists
                0x00000145       0xaf ./Drivers/STM32F4xx_HAL_Driver/Src/stm32f4xx_hal.o
 .debug_rnglists
                0x000001f4       0xe0 ./Drivers/STM32F4xx_HAL_Driver/Src/stm32f4xx_hal_cortex.o
 .debug_rnglists
                0x000002d4       0x3f ./Drivers/STM32F4xx_HAL_Driver/Src/stm32f4xx_hal_gpio.o
 .debug_rnglists
                0x00000313       0xca ./Drivers/STM32F4xx_HAL_Driver/Src/stm32f4xx_hal_hcd.o
 .debug_rnglists
                0x000003dd      0x23c ./Drivers/STM32F4xx_HAL_Driver/Src/stm32f4xx_hal_i2c.o
 .debug_rnglists
                0x00000619       0xcc ./Drivers/STM32F4xx_HAL_Driver/Src/stm32f4xx_hal_i2s.o
 .debug_rnglists
                0x000006e5       0x6a ./Drivers/STM32F4xx_HAL_Driver/Src/stm32f4xx_hal_i2s_ex.o
 .debug_rnglists
                0x0000074f       0x66 ./Drivers/STM32F4xx_HAL_Driver/Src/stm32f4xx_hal_rcc.o
 .debug_rnglists
                0x000007b5       0x35 ./Drivers/STM32F4xx_HAL_Driver/Src/stm32f4xx_hal_rcc_ex.o
 .debug_rnglists
                0x000007ea      0x16f ./Drivers/STM32F4xx_HAL_Driver/Src/stm32f4xx_hal_spi.o
 .debug_rnglists
                0x00000959      0x31a ./Drivers/STM32F4xx_HAL_Driver/Src/stm32f4xx_hal_tim.o
 .debug_rnglists
                0x00000c73      0x125 ./Drivers/STM32F4xx_HAL_Driver/Src/stm32f4xx_hal_tim_ex.o
 .debug_rnglists
                0x00000d98      0x147 ./Drivers/STM32F4xx_HAL_Driver/Src/stm32f4xx_ll_usb.o
 .debug_rnglists
                0x00000edf       0x7e ./Middlewares/ST/STM32_USB_Host_Library/Class/CDC/Src/usbh_cdc.o
 .debug_rnglists
                0x00000f5d       0x8f ./Middlewares/ST/STM32_USB_Host_Library/Core/Src/usbh_core.o
 .debug_rnglists
                0x00000fec       0x77 ./Middlewares/ST/STM32_USB_Host_Library/Core/Src/usbh_ctlreq.o
 .debug_rnglists
                0x00001063       0x43 ./Middlewares/ST/STM32_USB_Host_Library/Core/Src/usbh_ioreq.o
 .debug_rnglists
                0x000010a6       0x2b ./Middlewares/ST/STM32_USB_Host_Library/Core/Src/usbh_pipes.o
 .debug_rnglists
                0x000010d1       0x1f ./USB_HOST/App/usb_host.o
 .debug_rnglists
                0x000010f0       0x9e ./USB_HOST/Target/usbh_conf.o
 .debug_rnglists
                0x0000118e       0x13 ./USB_HOST/Target/usbh_platform.o

.debug_macro    0x00000000    0x2437c
 .debug_macro   0x00000000      0x23f ./Core/Src/main.o
 .debug_macro   0x0000023f      0xad8 ./Core/Src/main.o
 .debug_macro   0x00000d17      0x2ad ./Core/Src/main.o
 .debug_macro   0x00000fc4       0x2e ./Core/Src/main.o
 .debug_macro   0x00000ff2       0x2f ./Core/Src/main.o
 .debug_macro   0x00001021       0x22 ./Core/Src/main.o
 .debug_macro   0x00001043       0x8e ./Core/Src/main.o
 .debug_macro   0x000010d1       0x51 ./Core/Src/main.o
 .debug_macro   0x00001122      0x103 ./Core/Src/main.o
 .debug_macro   0x00001225       0x6a ./Core/Src/main.o
 .debug_macro   0x0000128f      0x1df ./Core/Src/main.o
 .debug_macro   0x0000146e       0x1c ./Core/Src/main.o
 .debug_macro   0x0000148a       0x22 ./Core/Src/main.o
 .debug_macro   0x000014ac       0xfb ./Core/Src/main.o
 .debug_macro   0x000015a7     0x1011 ./Core/Src/main.o
 .debug_macro   0x000025b8      0x11f ./Core/Src/main.o
 .debug_macro   0x000026d7    0x15ea5 ./Core/Src/main.o
 .debug_macro   0x0001857c       0x6d ./Core/Src/main.o
 .debug_macro   0x000185e9     0x3693 ./Core/Src/main.o
 .debug_macro   0x0001bc7c      0x190 ./Core/Src/main.o
 .debug_macro   0x0001be0c       0x5c ./Core/Src/main.o
 .debug_macro   0x0001be68      0x980 ./Core/Src/main.o
 .debug_macro   0x0001c7e8      0x9e9 ./Core/Src/main.o
 .debug_macro   0x0001d1d1      0x115 ./Core/Src/main.o
 .debug_macro   0x0001d2e6      0x13e ./Core/Src/main.o
 .debug_macro   0x0001d424       0xa5 ./Core/Src/main.o
 .debug_macro   0x0001d4c9      0x174 ./Core/Src/main.o
 .debug_macro   0x0001d63d      0x287 ./Core/Src/main.o
 .debug_macro   0x0001d8c4       0x5f ./Core/Src/main.o
 .debug_macro   0x0001d923      0x236 ./Core/Src/main.o
 .debug_macro   0x0001db59      0x12c ./Core/Src/main.o
 .debug_macro   0x0001dc85      0x21e ./Core/Src/main.o
 .debug_macro   0x0001dea3       0x2e ./Core/Src/main.o
 .debug_macro   0x0001ded1      0x1b5 ./Core/Src/main.o
 .debug_macro   0x0001e086       0xd6 ./Core/Src/main.o
 .debug_macro   0x0001e15c      0x1a7 ./Core/Src/main.o
 .debug_macro   0x0001e303       0x46 ./Core/Src/main.o
 .debug_macro   0x0001e349       0x4a ./Core/Src/main.o
 .debug_macro   0x0001e393      0x127 ./Core/Src/main.o
 .debug_macro   0x0001e4ba       0x7e ./Core/Src/main.o
 .debug_macro   0x0001e538       0x89 ./Core/Src/main.o
 .debug_macro   0x0001e5c1      0x225 ./Core/Src/main.o
 .debug_macro   0x0001e7e6      0x8ed ./Core/Src/main.o
 .debug_macro   0x0001f0d3       0x4d ./Core/Src/main.o
 .debug_macro   0x0001f120      0x293 ./Core/Src/main.o
 .debug_macro   0x0001f3b3       0x98 ./Core/Src/main.o
 .debug_macro   0x0001f44b      0x12d ./Core/Src/main.o
 .debug_macro   0x0001f578      0x16c ./Core/Src/main.o
 .debug_macro   0x0001f6e4      0x229 ./Core/Src/stm32f4xx_hal_msp.o
 .debug_macro   0x0001f90d      0x233 ./Core/Src/stm32f4xx_it.o
 .debug_macro   0x0001fb40      0x112 ./Core/Src/sysmem.o
 .debug_macro   0x0001fc52      0x23c ./Core/Src/sysmem.o
 .debug_macro   0x0001fe8e      0x21a ./Core/Src/system_stm32f4xx.o
 .debug_macro   0x000200a8      0x27a ./Drivers/STM32F4xx_HAL_Driver/Src/stm32f4xx_hal.o
 .debug_macro   0x00020322      0x21a ./Drivers/STM32F4xx_HAL_Driver/Src/stm32f4xx_hal_cortex.o
 .debug_macro   0x0002053c      0x220 ./Drivers/STM32F4xx_HAL_Driver/Src/stm32f4xx_hal_gpio.o
 .debug_macro   0x0002075c      0x21a ./Drivers/STM32F4xx_HAL_Driver/Src/stm32f4xx_hal_hcd.o
 .debug_macro   0x00020976      0x268 ./Drivers/STM32F4xx_HAL_Driver/Src/stm32f4xx_hal_i2c.o
 .debug_macro   0x00020bde      0x222 ./Drivers/STM32F4xx_HAL_Driver/Src/stm32f4xx_hal_i2s.o
 .debug_macro   0x00020e00      0x21a ./Drivers/STM32F4xx_HAL_Driver/Src/stm32f4xx_hal_i2s_ex.o
 .debug_macro   0x0002101a      0x23e ./Drivers/STM32F4xx_HAL_Driver/Src/stm32f4xx_hal_rcc.o
 .debug_macro   0x00021258      0x21a ./Drivers/STM32F4xx_HAL_Driver/Src/stm32f4xx_hal_rcc_ex.o
 .debug_macro   0x00021472      0x229 ./Drivers/STM32F4xx_HAL_Driver/Src/stm32f4xx_hal_spi.o
 .debug_macro   0x0002169b      0x21b ./Drivers/STM32F4xx_HAL_Driver/Src/stm32f4xx_hal_tim.o
 .debug_macro   0x000218b6      0x21a ./Drivers/STM32F4xx_HAL_Driver/Src/stm32f4xx_hal_tim_ex.o
 .debug_macro   0x00021ad0      0x21a ./Drivers/STM32F4xx_HAL_Driver/Src/stm32f4xx_ll_usb.o
 .debug_macro   0x00021cea      0x3c1 ./Middlewares/ST/STM32_USB_Host_Library/Class/CDC/Src/usbh_cdc.o
 .debug_macro   0x000220ab       0x16 ./Middlewares/ST/STM32_USB_Host_Library/Class/CDC/Src/usbh_cdc.o
 .debug_macro   0x000220c1       0x9e ./Middlewares/ST/STM32_USB_Host_Library/Class/CDC/Src/usbh_cdc.o
 .debug_macro   0x0002215f      0x112 ./Middlewares/ST/STM32_USB_Host_Library/Class/CDC/Src/usbh_cdc.o
 .debug_macro   0x00022271       0x16 ./Middlewares/ST/STM32_USB_Host_Library/Class/CDC/Src/usbh_cdc.o
 .debug_macro   0x00022287       0x16 ./Middlewares/ST/STM32_USB_Host_Library/Class/CDC/Src/usbh_cdc.o
 .debug_macro   0x0002229d       0x20 ./Middlewares/ST/STM32_USB_Host_Library/Class/CDC/Src/usbh_cdc.o
 .debug_macro   0x000222bd       0x56 ./Middlewares/ST/STM32_USB_Host_Library/Class/CDC/Src/usbh_cdc.o
 .debug_macro   0x00022313       0x73 ./Middlewares/ST/STM32_USB_Host_Library/Class/CDC/Src/usbh_cdc.o
 .debug_macro   0x00022386      0x23a ./Middlewares/ST/STM32_USB_Host_Library/Class/CDC/Src/usbh_cdc.o
 .debug_macro   0x000225c0       0x2e ./Middlewares/ST/STM32_USB_Host_Library/Class/CDC/Src/usbh_cdc.o
 .debug_macro   0x000225ee       0x2e ./Middlewares/ST/STM32_USB_Host_Library/Class/CDC/Src/usbh_cdc.o
 .debug_macro   0x0002261c       0x28 ./Middlewares/ST/STM32_USB_Host_Library/Class/CDC/Src/usbh_cdc.o
 .debug_macro   0x00022644      0x15b ./Middlewares/ST/STM32_USB_Host_Library/Class/CDC/Src/usbh_cdc.o
 .debug_macro   0x0002279f      0x3be ./Middlewares/ST/STM32_USB_Host_Library/Core/Src/usbh_core.o
 .debug_macro   0x00022b5d      0x3b6 ./Middlewares/ST/STM32_USB_Host_Library/Core/Src/usbh_ctlreq.o
 .debug_macro   0x00022f13       0x28 ./Middlewares/ST/STM32_USB_Host_Library/Core/Src/usbh_ctlreq.o
 .debug_macro   0x00022f3b      0x3b0 ./Middlewares/ST/STM32_USB_Host_Library/Core/Src/usbh_ioreq.o
 .debug_macro   0x000232eb      0x3b0 ./Middlewares/ST/STM32_USB_Host_Library/Core/Src/usbh_pipes.o
 .debug_macro   0x0002369b      0x3bf ./USB_HOST/App/usb_host.o
 .debug_macro   0x00023a5a       0x61 ./USB_HOST/App/usb_host.o
 .debug_macro   0x00023abb      0x172 ./USB_HOST/App/usb_host.o
 .debug_macro   0x00023c2d      0x161 ./USB_HOST/App/usb_host.o
 .debug_macro   0x00023d8e      0x3c0 ./USB_HOST/Target/usbh_conf.o
 .debug_macro   0x0002414e      0x22e ./USB_HOST/Target/usbh_platform.o

.debug_line     0x00000000    0x1cfe7
 .debug_line    0x00000000      0xb7e ./Core/Src/main.o
 .debug_line    0x00000b7e      0x8e5 ./Core/Src/stm32f4xx_hal_msp.o
 .debug_line    0x00001463      0x830 ./Core/Src/stm32f4xx_it.o
 .debug_line    0x00001c93      0x521 ./Core/Src/sysmem.o
 .debug_line    0x000021b4      0x7df ./Core/Src/system_stm32f4xx.o
 .debug_line    0x00002993       0x7a ./Core/Startup/startup_stm32f407vgtx.o
 .debug_line    0x00002a0d      0xa5b ./Drivers/STM32F4xx_HAL_Driver/Src/stm32f4xx_hal.o
 .debug_line    0x00003468      0xd2b ./Drivers/STM32F4xx_HAL_Driver/Src/stm32f4xx_hal_cortex.o
 .debug_line    0x00004193      0xbb3 ./Drivers/STM32F4xx_HAL_Driver/Src/stm32f4xx_hal_gpio.o
 .debug_line    0x00004d46     0x15ec ./Drivers/STM32F4xx_HAL_Driver/Src/stm32f4xx_hal_hcd.o
 .debug_line    0x00006332     0x3b08 ./Drivers/STM32F4xx_HAL_Driver/Src/stm32f4xx_hal_i2c.o
 .debug_line    0x00009e3a     0x13b3 ./Drivers/STM32F4xx_HAL_Driver/Src/stm32f4xx_hal_i2s.o
 .debug_line    0x0000b1ed     0x12b3 ./Drivers/STM32F4xx_HAL_Driver/Src/stm32f4xx_hal_i2s_ex.o
 .debug_line    0x0000c4a0      0xe6a ./Drivers/STM32F4xx_HAL_Driver/Src/stm32f4xx_hal_rcc.o
 .debug_line    0x0000d30a      0xaca ./Drivers/STM32F4xx_HAL_Driver/Src/stm32f4xx_hal_rcc_ex.o
 .debug_line    0x0000ddd4     0x1cf6 ./Drivers/STM32F4xx_HAL_Driver/Src/stm32f4xx_hal_spi.o
 .debug_line    0x0000faca     0x37d0 ./Drivers/STM32F4xx_HAL_Driver/Src/stm32f4xx_hal_tim.o
 .debug_line    0x0001329a     0x19bb ./Drivers/STM32F4xx_HAL_Driver/Src/stm32f4xx_hal_tim_ex.o
 .debug_line    0x00014c55     0x1d8f ./Drivers/STM32F4xx_HAL_Driver/Src/stm32f4xx_ll_usb.o
 .debug_line    0x000169e4      0xef9 ./Middlewares/ST/STM32_USB_Host_Library/Class/CDC/Src/usbh_cdc.o
 .debug_line    0x000178dd     0x117f ./Middlewares/ST/STM32_USB_Host_Library/Core/Src/usbh_core.o
 .debug_line    0x00018a5c     0x10f7 ./Middlewares/ST/STM32_USB_Host_Library/Core/Src/usbh_ctlreq.o
 .debug_line    0x00019b53      0xacc ./Middlewares/ST/STM32_USB_Host_Library/Core/Src/usbh_ioreq.o
 .debug_line    0x0001a61f      0xa79 ./Middlewares/ST/STM32_USB_Host_Library/Core/Src/usbh_pipes.o
 .debug_line    0x0001b098      0xa6c ./USB_HOST/App/usb_host.o
 .debug_line    0x0001bb04      0xd47 ./USB_HOST/Target/usbh_conf.o
 .debug_line    0x0001c84b      0x79c ./USB_HOST/Target/usbh_platform.o

.debug_str      0x00000000    0xd41bf
 .debug_str     0x00000000    0xd41bf ./Core/Src/main.o
                              0xc8dbd (size before relaxing)
 .debug_str     0x000d41bf    0xc8abb ./Core/Src/stm32f4xx_hal_msp.o
 .debug_str     0x000d41bf    0xc81e7 ./Core/Src/stm32f4xx_it.o
 .debug_str     0x000d41bf     0x778b ./Core/Src/sysmem.o
 .debug_str     0x000d41bf    0xc7856 ./Core/Src/system_stm32f4xx.o
 .debug_str     0x000d41bf       0x8d ./Core/Startup/startup_stm32f407vgtx.o
 .debug_str     0x000d41bf    0xc83da ./Drivers/STM32F4xx_HAL_Driver/Src/stm32f4xx_hal.o
 .debug_str     0x000d41bf    0xc8156 ./Drivers/STM32F4xx_HAL_Driver/Src/stm32f4xx_hal_cortex.o
 .debug_str     0x000d41bf    0xc79d1 ./Drivers/STM32F4xx_HAL_Driver/Src/stm32f4xx_hal_gpio.o
 .debug_str     0x000d41bf    0xc813e ./Drivers/STM32F4xx_HAL_Driver/Src/stm32f4xx_hal_hcd.o
 .debug_str     0x000d41bf    0xc8874 ./Drivers/STM32F4xx_HAL_Driver/Src/stm32f4xx_hal_i2c.o
 .debug_str     0x000d41bf    0xc7e47 ./Drivers/STM32F4xx_HAL_Driver/Src/stm32f4xx_hal_i2s.o
 .debug_str     0x000d41bf    0xc7d49 ./Drivers/STM32F4xx_HAL_Driver/Src/stm32f4xx_hal_i2s_ex.o
 .debug_str     0x000d41bf    0xc7c8a ./Drivers/STM32F4xx_HAL_Driver/Src/stm32f4xx_hal_rcc.o
 .debug_str     0x000d41bf    0xc79a8 ./Drivers/STM32F4xx_HAL_Driver/Src/stm32f4xx_hal_rcc_ex.o
 .debug_str     0x000d41bf    0xc8114 ./Drivers/STM32F4xx_HAL_Driver/Src/stm32f4xx_hal_spi.o
 .debug_str     0x000d41bf    0xc8be0 ./Drivers/STM32F4xx_HAL_Driver/Src/stm32f4xx_hal_tim.o
 .debug_str     0x000d41bf    0xc83ec ./Drivers/STM32F4xx_HAL_Driver/Src/stm32f4xx_hal_tim_ex.o
 .debug_str     0x000d41bf    0xc820f ./Drivers/STM32F4xx_HAL_Driver/Src/stm32f4xx_ll_usb.o
 .debug_str     0x000d41bf    0xcdd57 ./Middlewares/ST/STM32_USB_Host_Library/Class/CDC/Src/usbh_cdc.o
 .debug_str     0x000d41bf    0xcd264 ./Middlewares/ST/STM32_USB_Host_Library/Core/Src/usbh_core.o
 .debug_str     0x000d41bf    0xcd20c ./Middlewares/ST/STM32_USB_Host_Library/Core/Src/usbh_ctlreq.o
 .debug_str     0x000d41bf    0xccfff ./Middlewares/ST/STM32_USB_Host_Library/Core/Src/usbh_ioreq.o
 .debug_str     0x000d41bf    0xccf95 ./Middlewares/ST/STM32_USB_Host_Library/Core/Src/usbh_pipes.o
 .debug_str     0x000d41bf    0xcd6a0 ./USB_HOST/App/usb_host.o