../Core/Src/main.c:94:5:main	8	static
../Core/Src/main.c:151:6:SystemClock_Config	88	static
../Core/Src/main.c:194:13:MX_I2C1_Init	8	static
../Core/Src/main.c:225:13:MX_I2S3_Init	8	static
../Core/Src/main.c:256:13:MX_SPI1_Init	8	static
../Core/Src/main.c:291:13:MX_TIM4_Init	64	static
../Core/Src/main.c:349:13:MX_GPIO_Init	56	static
../Core/Src/main.c:442:6:inicio	16	static
../Core/Src/main.c:456:6:transicion1	16	static
../Core/Src/main.c:469:6:transicion2	16	static
../Core/Src/main.c:480:6:transicion3	16	static
../Core/Src/main.c:493:6:transicion4	16	static
../Core/Src/main.c:504:6:transicion5	16	static
../Core/Src/main.c:518:6:transicion6	16	static
../Core/Src/main.c:534:6:Error_Handler	4	static,ignoring_inline_asm
