../Core/Src/main.c:97:5:main	8	static
../Core/Src/main.c:150:6:SystemClock_Config	88	static
../Core/Src/main.c:193:13:MX_I2C1_Init	8	static
../Core/Src/main.c:224:13:MX_I2S3_Init	8	static
../Core/Src/main.c:255:13:MX_SPI1_Init	8	static
../Core/Src/main.c:290:13:MX_TIM4_Init	64	static
../Core/Src/main.c:345:13:MX_GPIO_Init	56	static
../Core/Src/main.c:438:6:inicio	16	static
../Core/Src/main.c:462:6:transicion1	16	static
../Core/Src/main.c:489:6:transicion2	16	static
../Core/Src/main.c:521:6:Error_Handler	4	static,ignoring_inline_asm
